###############################################################################
#
# IAR ELF Linker V8.40.2.214/W32 for ARM                  29/Jan/2020  08:01:34
# Copyright 2007-2019 IAR Systems AB.
#
#    Output file  =
#        C:\Users\myant\Desktop\WB board design\BLE5\EWARM\BLE5\Exe\BLE5.out
#    Map file     =
#        C:\Users\myant\Desktop\WB board design\BLE5\EWARM\BLE5\List\BLE5.map
#    Command line =
#        -f C:\Users\myant\AppData\Local\Temp\EWF39F.tmp
#        ("C:\Users\myant\Desktop\WB board
#        design\BLE5\EWARM\BLE5\Obj\app_ble.o" "C:\Users\myant\Desktop\WB board
#        design\BLE5\EWARM\BLE5\Obj\app_entry.o" "C:\Users\myant\Desktop\WB
#        board design\BLE5\EWARM\BLE5\Obj\ble_gap_aci.o"
#        "C:\Users\myant\Desktop\WB board
#        design\BLE5\EWARM\BLE5\Obj\ble_gatt_aci.o" "C:\Users\myant\Desktop\WB
#        board design\BLE5\EWARM\BLE5\Obj\ble_hal_aci.o"
#        "C:\Users\myant\Desktop\WB board
#        design\BLE5\EWARM\BLE5\Obj\ble_hci_le.o" "C:\Users\myant\Desktop\WB
#        board design\BLE5\EWARM\BLE5\Obj\ble_l2cap_aci.o"
#        "C:\Users\myant\Desktop\WB board
#        design\BLE5\EWARM\BLE5\Obj\dbg_trace.o" "C:\Users\myant\Desktop\WB
#        board design\BLE5\EWARM\BLE5\Obj\dt_client_app.o"
#        "C:\Users\myant\Desktop\WB board
#        design\BLE5\EWARM\BLE5\Obj\dt_server_app.o" "C:\Users\myant\Desktop\WB
#        board design\BLE5\EWARM\BLE5\Obj\dts.o" "C:\Users\myant\Desktop\WB
#        board design\BLE5\EWARM\BLE5\Obj\hci_tl.o" "C:\Users\myant\Desktop\WB
#        board design\BLE5\EWARM\BLE5\Obj\hci_tl_if.o"
#        "C:\Users\myant\Desktop\WB board design\BLE5\EWARM\BLE5\Obj\hw_ipcc.o"
#        "C:\Users\myant\Desktop\WB board
#        design\BLE5\EWARM\BLE5\Obj\hw_timerserver.o"
#        "C:\Users\myant\Desktop\WB board design\BLE5\EWARM\BLE5\Obj\main.o"
#        "C:\Users\myant\Desktop\WB board design\BLE5\EWARM\BLE5\Obj\osal.o"
#        "C:\Users\myant\Desktop\WB board design\BLE5\EWARM\BLE5\Obj\otp.o"
#        "C:\Users\myant\Desktop\WB board design\BLE5\EWARM\BLE5\Obj\shci.o"
#        "C:\Users\myant\Desktop\WB board design\BLE5\EWARM\BLE5\Obj\shci_tl.o"
#        "C:\Users\myant\Desktop\WB board
#        design\BLE5\EWARM\BLE5\Obj\shci_tl_if.o" "C:\Users\myant\Desktop\WB
#        board design\BLE5\EWARM\BLE5\Obj\startup_stm32wb55xx_cm4.o"
#        "C:\Users\myant\Desktop\WB board
#        design\BLE5\EWARM\BLE5\Obj\stm32_lpm.o" "C:\Users\myant\Desktop\WB
#        board design\BLE5\EWARM\BLE5\Obj\stm32_lpm_if.o"
#        "C:\Users\myant\Desktop\WB board
#        design\BLE5\EWARM\BLE5\Obj\stm32_seq.o" "C:\Users\myant\Desktop\WB
#        board design\BLE5\EWARM\BLE5\Obj\stm32wbxx_hal.o"
#        "C:\Users\myant\Desktop\WB board
#        design\BLE5\EWARM\BLE5\Obj\stm32wbxx_hal_adc.o"
#        "C:\Users\myant\Desktop\WB board
#        design\BLE5\EWARM\BLE5\Obj\stm32wbxx_hal_adc_ex.o"
#        "C:\Users\myant\Desktop\WB board
#        design\BLE5\EWARM\BLE5\Obj\stm32wbxx_hal_cortex.o"
#        "C:\Users\myant\Desktop\WB board
#        design\BLE5\EWARM\BLE5\Obj\stm32wbxx_hal_crc.o"
#        "C:\Users\myant\Desktop\WB board
#        design\BLE5\EWARM\BLE5\Obj\stm32wbxx_hal_crc_ex.o"
#        "C:\Users\myant\Desktop\WB board
#        design\BLE5\EWARM\BLE5\Obj\stm32wbxx_hal_cryp.o"
#        "C:\Users\myant\Desktop\WB board
#        design\BLE5\EWARM\BLE5\Obj\stm32wbxx_hal_cryp_ex.o"
#        "C:\Users\myant\Desktop\WB board
#        design\BLE5\EWARM\BLE5\Obj\stm32wbxx_hal_dma.o"
#        "C:\Users\myant\Desktop\WB board
#        design\BLE5\EWARM\BLE5\Obj\stm32wbxx_hal_dma_ex.o"
#        "C:\Users\myant\Desktop\WB board
#        design\BLE5\EWARM\BLE5\Obj\stm32wbxx_hal_exti.o"
#        "C:\Users\myant\Desktop\WB board
#        design\BLE5\EWARM\BLE5\Obj\stm32wbxx_hal_flash.o"
#        "C:\Users\myant\Desktop\WB board
#        design\BLE5\EWARM\BLE5\Obj\stm32wbxx_hal_flash_ex.o"
#        "C:\Users\myant\Desktop\WB board
#        design\BLE5\EWARM\BLE5\Obj\stm32wbxx_hal_gpio.o"
#        "C:\Users\myant\Desktop\WB board
#        design\BLE5\EWARM\BLE5\Obj\stm32wbxx_hal_hsem.o"
#        "C:\Users\myant\Desktop\WB board
#        design\BLE5\EWARM\BLE5\Obj\stm32wbxx_hal_i2c.o"
#        "C:\Users\myant\Desktop\WB board
#        design\BLE5\EWARM\BLE5\Obj\stm32wbxx_hal_i2c_ex.o"
#        "C:\Users\myant\Desktop\WB board
#        design\BLE5\EWARM\BLE5\Obj\stm32wbxx_hal_iwdg.o"
#        "C:\Users\myant\Desktop\WB board
#        design\BLE5\EWARM\BLE5\Obj\stm32wbxx_hal_msp.o"
#        "C:\Users\myant\Desktop\WB board
#        design\BLE5\EWARM\BLE5\Obj\stm32wbxx_hal_pcd.o"
#        "C:\Users\myant\Desktop\WB board
#        design\BLE5\EWARM\BLE5\Obj\stm32wbxx_hal_pcd_ex.o"
#        "C:\Users\myant\Desktop\WB board
#        design\BLE5\EWARM\BLE5\Obj\stm32wbxx_hal_pwr.o"
#        "C:\Users\myant\Desktop\WB board
#        design\BLE5\EWARM\BLE5\Obj\stm32wbxx_hal_pwr_ex.o"
#        "C:\Users\myant\Desktop\WB board
#        design\BLE5\EWARM\BLE5\Obj\stm32wbxx_hal_rcc.o"
#        "C:\Users\myant\Desktop\WB board
#        design\BLE5\EWARM\BLE5\Obj\stm32wbxx_hal_rcc_ex.o"
#        "C:\Users\myant\Desktop\WB board
#        design\BLE5\EWARM\BLE5\Obj\stm32wbxx_hal_rtc.o"
#        "C:\Users\myant\Desktop\WB board
#        design\BLE5\EWARM\BLE5\Obj\stm32wbxx_hal_rtc_ex.o"
#        "C:\Users\myant\Desktop\WB board
#        design\BLE5\EWARM\BLE5\Obj\stm32wbxx_hal_spi.o"
#        "C:\Users\myant\Desktop\WB board
#        design\BLE5\EWARM\BLE5\Obj\stm32wbxx_hal_spi_ex.o"
#        "C:\Users\myant\Desktop\WB board
#        design\BLE5\EWARM\BLE5\Obj\stm32wbxx_hal_tim.o"
#        "C:\Users\myant\Desktop\WB board
#        design\BLE5\EWARM\BLE5\Obj\stm32wbxx_hal_tim_ex.o"
#        "C:\Users\myant\Desktop\WB board
#        design\BLE5\EWARM\BLE5\Obj\stm32wbxx_hal_timebase_tim.o"
#        "C:\Users\myant\Desktop\WB board
#        design\BLE5\EWARM\BLE5\Obj\stm32wbxx_hal_uart.o"
#        "C:\Users\myant\Desktop\WB board
#        design\BLE5\EWARM\BLE5\Obj\stm32wbxx_hal_uart_ex.o"
#        "C:\Users\myant\Desktop\WB board
#        design\BLE5\EWARM\BLE5\Obj\stm32wbxx_it.o" "C:\Users\myant\Desktop\WB
#        board design\BLE5\EWARM\BLE5\Obj\stm32wbxx_ll_adc.o"
#        "C:\Users\myant\Desktop\WB board
#        design\BLE5\EWARM\BLE5\Obj\stm32wbxx_ll_rtc.o"
#        "C:\Users\myant\Desktop\WB board
#        design\BLE5\EWARM\BLE5\Obj\stm32wbxx_ll_usb.o"
#        "C:\Users\myant\Desktop\WB board
#        design\BLE5\EWARM\BLE5\Obj\stm_list.o" "C:\Users\myant\Desktop\WB
#        board design\BLE5\EWARM\BLE5\Obj\stm_queue.o"
#        "C:\Users\myant\Desktop\WB board design\BLE5\EWARM\BLE5\Obj\svc_ctl.o"
#        "C:\Users\myant\Desktop\WB board
#        design\BLE5\EWARM\BLE5\Obj\system_stm32wbxx.o"
#        "C:\Users\myant\Desktop\WB board design\BLE5\EWARM\BLE5\Obj\tl_mbox.o"
#        "C:\Users\myant\Desktop\WB board
#        design\BLE5\EWARM\BLE5\Obj\usb_device.o" "C:\Users\myant\Desktop\WB
#        board design\BLE5\EWARM\BLE5\Obj\usbd_cdc.o"
#        "C:\Users\myant\Desktop\WB board
#        design\BLE5\EWARM\BLE5\Obj\usbd_cdc_if.o" "C:\Users\myant\Desktop\WB
#        board design\BLE5\EWARM\BLE5\Obj\usbd_conf.o"
#        "C:\Users\myant\Desktop\WB board
#        design\BLE5\EWARM\BLE5\Obj\usbd_core.o" "C:\Users\myant\Desktop\WB
#        board design\BLE5\EWARM\BLE5\Obj\usbd_ctlreq.o"
#        "C:\Users\myant\Desktop\WB board
#        design\BLE5\EWARM\BLE5\Obj\usbd_desc.o" "C:\Users\myant\Desktop\WB
#        board design\BLE5\EWARM\BLE5\Obj\usbd_ioreq.o" --redirect
#        _Printf=_PrintfFull --redirect _Scanf=_ScanfFull --no_out_extension -o
#        "C:\Users\myant\Desktop\WB board design\BLE5\EWARM\BLE5\Exe\BLE5.out"
#        --map "C:\Users\myant\Desktop\WB board
#        design\BLE5\EWARM\BLE5\List\BLE5.map" --config
#        "C:\Users\myant\Desktop\WB board
#        design\BLE5\EWARM/stm32wb55xx_flash_cm4.icf" --semihosting --entry
#        __iar_program_start --redirect __iar_sh_stdout=__iar_sh_stdout_swo
#        --vfe --text_out locale)
#
###############################################################################

*******************************************************************************
*** RUNTIME MODEL ATTRIBUTES
***

CppFlavor       = *
__Heap_Handler  = Basic
__SystemLibrary = DLib
__dlib_version  = 6


*******************************************************************************
*** HEAP SELECTION
***

The basic heap was selected because no calls to memory allocation
functions were found in the application outside of system library
functions, and there are calls to deallocation functions in the
application.


*******************************************************************************
*** PLACEMENT SUMMARY
***

"A0":  place at address 0x800'0000 { ro section .intvec };
"P1":  place in [from 0x800'0000 to 0x807'ffff] { ro };
define block CSTACK with size = 2K, alignment = 8 { };
define block HEAP with size = 3680, alignment = 8 { };
"P2":  place in [from 0x2000'0004 to 0x2002'ffff] {
          rw, block CSTACK, block HEAP };
"P3":  place in [from 0x2003'0000 to 0x2003'27ff] {
          first section MAPPING_TABLE };
"P4":  place in [from 0x2003'0000 to 0x2003'27ff] { section MB_MEM1 };
"P5":  place in [from 0x2003'0000 to 0x2003'27ff] { section MB_MEM2 };
do not initialize { section .noinit, section MAPPING_TABLE, section MB_MEM1 };
initialize by copy { rw };

  Section                Kind         Address    Size  Object
  -------                ----         -------    ----  ------
"A0":                                           0x13c
  .intvec                ro code   0x800'0000   0x13c  startup_stm32wb55xx_cm4.o [1]
                                 - 0x800'013c   0x13c

"P1":                                          0xa840
  .text                  ro code   0x800'013c  0x10c6  xprintffull.o [2]
  .text                  ro code   0x800'1202    0x3a  zero_init3.o [4]
  .text                  ro code   0x800'123c    0x7c  xlocale_c.o [2]
  .text                  ro code   0x800'12b8    0x16  strchr.o [4]
  .text                  ro code   0x800'12ce    0x1e  xencoding_8859_1.o [2]
  .text                  ro code   0x800'12ec    0x40  xfail_s.o [2]
  .text                  ro code   0x800'132c    0x36  strlen.o [4]
  .rodata                const     0x800'1362     0x2  xlocale_c.o [2]
  .text                  ro code   0x800'1364    0x58  memchr.o [4]
  .text                  ro code   0x800'13bc    0x18  ABImemcpy_small.o [4]
  .text                  ro code   0x800'13d4    0x70  frexp.o [3]
  .text                  ro code   0x800'1444    0x2e  DblCmpLe.o [3]
  .rodata                const     0x800'1472     0x2  xlocale_c.o [2]
  .text                  ro code   0x800'1474    0x2e  DblCmpGe.o [3]
  .rodata                const     0x800'14a2     0x1  xlocale_c.o [2]
  .text                  ro code   0x800'14a4   0x13a  ldexp.o [3]
  .text                  ro code   0x800'15e0    0x3a  DblToS32.o [3]
  .text                  ro code   0x800'161c    0x22  S32ToDbl.o [3]
  .text                  ro code   0x800'1640    0xe2  DblSub.o [3]
  .text                  ro code   0x800'1724   0x246  DblDiv.o [3]
  .text                  ro code   0x800'196c    0x28  DblToU32.o [3]
  .text                  ro code   0x800'1994    0x1a  U32ToDbl.o [3]
  .text                  ro code   0x800'19b0   0x1a2  DblMul.o [3]
  .text                  ro code   0x800'1b52     0xa  xmbcurmax.o [2]
  .text                  ro code   0x800'1b5c   0x106  I64DivMod_small.o [4]
  .text                  ro code   0x800'1c62     0x6  abort.o [2]
  .text                  ro code   0x800'1c68   0x16a  DblAdd.o [3]
  .text                  ro code   0x800'1dd4     0x2  I64DivZer.o [4]
  .text                  ro code   0x800'1dd8    0x14  exit.o [5]
  .text                  ro code   0x800'1dec   0xba4  stm32wbxx_hal_uart.o [1]
  .text                  ro code   0x800'2990   0x310  stm32wbxx_hal_msp.o [1]
  .text                  ro code   0x800'2ca0   0x8e0  stm32wbxx_hal_rcc.o [1]
  .text                  ro code   0x800'3580     0xc  stm32wbxx_hal.o [1]
  .text                  ro code   0x800'358c   0x1b0  stm32wbxx_hal_gpio.o [1]
  .text                  ro code   0x800'373c   0x20c  stm32wbxx_hal_dma.o [1]
  .text                  ro code   0x800'3948   0x690  main.o [1]
  .text                  ro code   0x800'3fd8    0x14  memset.o [4]
  .text                  ro code   0x800'3fec    0xf0  stm32wbxx_hal_cortex.o [1]
  .text                  ro code   0x800'40dc    0xf0  system_stm32wbxx.o [1]
  .text                  ro code   0x800'41cc    0x78  stm32wbxx_hal_timebase_tim.o [1]
  .text                  ro code   0x800'4244    0x10  stm32wbxx_hal_pwr.o [1]
  .text                  ro code   0x800'4254    0x3c  stm32wbxx_hal.o [1]
  .text                  ro code   0x800'4290    0x24  stm32wbxx_hal_pwr_ex.o [1]
  .text                  ro code   0x800'42b4   0x13c  stm32wbxx_hal_rtc.o [1]
  .text                  ro code   0x800'43f0     0x6  ABImemclr4.o [4]
  .text                  ro code   0x800'43f8   0x540  stm32wbxx_hal_adc.o [1]
  .text                  ro code   0x800'4938    0xb0  stm32wbxx_hal_i2c.o [1]
  .text                  ro code   0x800'49e8    0x7e  stm32wbxx_hal_i2c_ex.o [1]
  .text                  ro code   0x800'4a68    0xae  stm32wbxx_hal_spi.o [1]
  .text                  ro code   0x800'4b18   0x36a  stm32wbxx_hal_tim.o [1]
  .text                  ro code   0x800'4e84    0xb4  stm32wbxx_hal_tim_ex.o [1]
  .text                  ro code   0x800'4f38   0x110  stm32wbxx_hal_uart_ex.o [1]
  .text                  ro code   0x800'5048    0x7c  stm32wbxx_hal_crc.o [1]
  .text                  ro code   0x800'50c4    0x54  usb_device.o [1]
  .text                  ro code   0x800'5118    0x48  stm32wbxx_hal_cryp.o [1]
  .text                  ro code   0x800'5160    0xda  app_entry.o [1]
  .text                  ro code   0x800'523c   0x1a4  stm32_seq.o [1]
  .text                  ro code   0x800'53e0   0x328  stm32wbxx_hal_rcc_ex.o [1]
  .text                  ro code   0x800'5708    0x10  stm32wbxx_hal.o [1]
  .text                  ro code   0x800'5718    0x12  ABImemset_small.o [4]
  .text                  ro code   0x800'572c    0x32  ABImemset48.o [4]
  .text                  ro code   0x800'575e     0x2  stm32wbxx_hal_tim.o [1]
  .text                  ro code   0x800'5760     0x2  stm32wbxx_hal_tim.o [1]
  .text                  ro code   0x800'5762     0x2  stm32wbxx_hal_tim_ex.o [1]
  .text                  ro code   0x800'5764     0x2  stm32wbxx_hal_tim_ex.o [1]
  .text                  ro code   0x800'5766     0x2  stm32wbxx_hal_tim.o [1]
  .text                  ro code   0x800'5768     0x2  stm32wbxx_hal_tim_ex.o [1]
  .text                  ro code   0x800'576a     0x2  stm32wbxx_hal_tim.o [1]
  .text                  ro code   0x800'576c    0x4c  stm32wbxx_hal_crc_ex.o [1]
  .text                  ro code   0x800'57b8   0x27c  usbd_core.o [1]
  .text                  ro code   0x800'5a34   0x294  usbd_cdc.o [1]
  .text                  ro code   0x800'5cc8    0x38  stm32_lpm.o [1]
  .text                  ro code   0x800'5d00   0x56a  hw_timerserver.o [1]
  .text                  ro code   0x800'626c    0xb0  dbg_trace.o [1]
  .text                  ro code   0x800'631c   0x1da  tl_mbox.o [1]
  .text                  ro code   0x800'64f8   0x134  shci_tl.o [1]
  .text                  ro code   0x800'662c   0x54c  app_ble.o [1]
  .text                  ro code   0x800'6b78     0x2  stm32_seq.o [1]
  .text                  ro code   0x800'6b7a     0x2  stm32_seq.o [1]
  .text                  ro code   0x800'6b7c   0x284  usbd_conf.o [1]
  .text                  ro code   0x800'6e00   0x476  usbd_ctlreq.o [1]
  .text                  ro code   0x800'7276    0x60  usbd_ioreq.o [1]
  .text                  ro code   0x800'72d6   0x386  stm_queue.o [1]
  .text                  ro code   0x800'765c   0x1d0  hw_ipcc.o [1]
  .text                  ro code   0x800'782c    0x7a  stm_list.o [1]
  .text                  ro code   0x800'78a8    0x14  shci_tl_if.o [1]
  .text                  ro code   0x800'78bc   0x198  hci_tl.o [1]
  .text                  ro code   0x800'7a54    0x1c  shci.o [1]
  .text                  ro code   0x800'7a70    0xb4  ble_hci_le.o [1]
  .text                  ro code   0x800'7b24    0x28  otp.o [1]
  .text                  ro code   0x800'7b4c    0xb0  ble_hal_aci.o [1]
  .text                  ro code   0x800'7bfc   0x36a  ble_gatt_aci.o [1]
  .text                  ro code   0x800'7f66   0x312  ble_gap_aci.o [1]
  .text                  ro code   0x800'8278    0xe0  svc_ctl.o [1]
  .text                  ro code   0x800'8358   0x49c  dt_client_app.o [1]
  .text                  ro code   0x800'87f4    0xc8  dt_server_app.o [1]
  .text                  ro code   0x800'88bc    0x28  printf.o [2]
  .text                  ro code   0x800'88e4   0x164  dts.o [1]
  .text                  ro code   0x800'8a48   0x676  stm32wbxx_hal_pcd.o [1]
  .text                  ro code   0x800'90be    0x5c  stm32wbxx_hal_pcd_ex.o [1]
  .text                  ro code   0x800'911c    0x14  hci_tl_if.o [1]
  .text                  ro code   0x800'9130    0x20  osal.o [1]
  .text                  ro code   0x800'9150     0x2  svc_ctl.o [1]
  .text                  ro code   0x800'9152     0x2  svc_ctl.o [1]
  .text                  ro code   0x800'9154     0x2  svc_ctl.o [1]
  .text                  ro code   0x800'9156     0x2  svc_ctl.o [1]
  .text                  ro code   0x800'9158     0x2  svc_ctl.o [1]
  .text                  ro code   0x800'915a     0x2  svc_ctl.o [1]
  .text                  ro code   0x800'915c     0x2  svc_ctl.o [1]
  .text                  ro code   0x800'915e     0x2  svc_ctl.o [1]
  .text                  ro code   0x800'9160     0x2  svc_ctl.o [1]
  .text                  ro code   0x800'9162     0x2  svc_ctl.o [1]
  .text                  ro code   0x800'9164     0x2  svc_ctl.o [1]
  .text                  ro code   0x800'9166     0x2  svc_ctl.o [1]
  .text                  ro code   0x800'9168     0x2  svc_ctl.o [1]
  .text                  ro code   0x800'916c   0x638  stm32wbxx_ll_usb.o [1]
  .rodata                const     0x800'97a4   0x1d4  app_ble.o [1]
  .rodata                const     0x800'9978   0x17c  dt_client_app.o [1]
  .text                  ro code   0x800'9af4   0x138  heap0.o [2]
  .text                  ro code   0x800'9c2c    0x2c  xgetmemchunk.o [2]
  .rodata                const     0x800'9c58   0x118  dt_client_app.o [1]
  .text                  ro code   0x800'9d70   0x100  usbd_desc.o [1]
  .text                  ro code   0x800'9e70    0xd8  xfspos.o [2]
  .text                  ro code   0x800'9f48    0xac  fflush.o [2]
  .text                  ro code   0x800'9ff4     0xc  xfgpos.o [2]
  .text                  ro code   0x800'a000    0x4a  lseek.o [5]
  .text                  ro code   0x800'a04c    0xcc  XShHandles.o [2]
  .text                  ro code   0x800'a118    0xb4  xfwprep.o [2]
  .text                  ro code   0x800'a1cc    0x24  fseek.o [2]
  .text                  ro code   0x800'a1f0    0x9c  xfofind.o [2]
  .text                  ro code   0x800'a28c     0x4  heaptramp0.o [2]
  .rodata                const     0x800'a290    0x80  system_stm32wbxx.o [1]
  .text                  ro code   0x800'a310    0x7e  fclose.o [2]
  .text                  ro code   0x800'a38e    0x18  close.o [5]
  .text                  ro code   0x800'a3a6    0x14  remove.o [5]
  .text                  ro code   0x800'a3ba    0x78  lz77_init_single.o [4]
  .text                  ro code   0x800'a434    0x60  stm32wbxx_it.o [1]
  .rodata                const     0x800'a494    0x54  dt_client_app.o [1]
  .text                  ro code   0x800'a4e8    0x54  fputc.o [2]
  .text                  ro code   0x800'a53c    0x44  usbd_cdc_if.o [1]
  .text                  ro code   0x800'a580    0x3c  xcloseall.o [2]
  .rodata                const     0x800'a5bc    0x30  app_ble.o [1]
  .text                  ro code   0x800'a5ec    0x28  data_init.o [4]
  .rodata                const     0x800'a614    0x24  app_ble.o [1]
  .text                  ro code   0x800'a638    0x22  fpinit_M.o [3]
  .iar.init_table        const     0x800'a65c    0x28  - Linker created -
  .rodata                const     0x800'a684    0x20  system_stm32wbxx.o [1]
  .text                  ro code   0x800'a6a4    0x1e  cmain.o [4]
  .text                  ro code   0x800'a6c2     0x4  low_level_init.o [2]
  .text                  ro code   0x800'a6c6     0x4  exit.o [2]
  .text                  ro code   0x800'a6cc     0xe  cexit.o [4]
  .text                  ro code   0x800'a6da    0x16  xprout.o [2]
  .text                  ro code   0x800'a6f0     0xc  putchar.o [2]
  .text                  ro code   0x800'a6fc    0x10  startup_stm32wb55xx_cm4.o [1]
  .text                  ro code   0x800'a70c     0xc  cstartup_M.o [4]
  .text                  ro code   0x800'a718     0x4  startup_stm32wb55xx_cm4.o [1]
  .text                  ro code   0x800'a71c     0x4  startup_stm32wb55xx_cm4.o [1]
  .text                  ro code   0x800'a720     0x4  startup_stm32wb55xx_cm4.o [1]
  .text                  ro code   0x800'a724     0x4  startup_stm32wb55xx_cm4.o [1]
  .text                  ro code   0x800'a728     0x4  startup_stm32wb55xx_cm4.o [1]
  .text                  ro code   0x800'a72c     0x4  startup_stm32wb55xx_cm4.o [1]
  .text                  ro code   0x800'a730     0x4  startup_stm32wb55xx_cm4.o [1]
  .text                  ro code   0x800'a734     0x4  startup_stm32wb55xx_cm4.o [1]
  .text                  ro code   0x800'a738     0x4  startup_stm32wb55xx_cm4.o [1]
  .text                  ro code   0x800'a73c     0x4  startup_stm32wb55xx_cm4.o [1]
  .text                  ro code   0x800'a740     0x4  startup_stm32wb55xx_cm4.o [1]
  .text                  ro code   0x800'a744     0x4  startup_stm32wb55xx_cm4.o [1]
  .text                  ro code   0x800'a748     0x4  startup_stm32wb55xx_cm4.o [1]
  .text                  ro code   0x800'a74c     0x4  startup_stm32wb55xx_cm4.o [1]
  .text                  ro code   0x800'a750     0x4  startup_stm32wb55xx_cm4.o [1]
  .text                  ro code   0x800'a754     0x4  startup_stm32wb55xx_cm4.o [1]
  .text                  ro code   0x800'a758     0x4  startup_stm32wb55xx_cm4.o [1]
  .text                  ro code   0x800'a75c     0x4  startup_stm32wb55xx_cm4.o [1]
  .text                  ro code   0x800'a760     0x4  startup_stm32wb55xx_cm4.o [1]
  .text                  ro code   0x800'a764     0x4  startup_stm32wb55xx_cm4.o [1]
  .text                  ro code   0x800'a768     0x4  startup_stm32wb55xx_cm4.o [1]
  .text                  ro code   0x800'a76c     0x4  startup_stm32wb55xx_cm4.o [1]
  .text                  ro code   0x800'a770     0x4  startup_stm32wb55xx_cm4.o [1]
  .text                  ro code   0x800'a774     0x4  startup_stm32wb55xx_cm4.o [1]
  .text                  ro code   0x800'a778     0x4  startup_stm32wb55xx_cm4.o [1]
  .text                  ro code   0x800'a77c     0x4  startup_stm32wb55xx_cm4.o [1]
  .text                  ro code   0x800'a780     0x4  startup_stm32wb55xx_cm4.o [1]
  .text                  ro code   0x800'a784     0x4  startup_stm32wb55xx_cm4.o [1]
  .text                  ro code   0x800'a788     0x4  startup_stm32wb55xx_cm4.o [1]
  .text                  ro code   0x800'a78c     0x4  startup_stm32wb55xx_cm4.o [1]
  .text                  ro code   0x800'a790     0x4  startup_stm32wb55xx_cm4.o [1]
  .text                  ro code   0x800'a794     0x4  startup_stm32wb55xx_cm4.o [1]
  .text                  ro code   0x800'a798     0x4  startup_stm32wb55xx_cm4.o [1]
  .text                  ro code   0x800'a79c     0x4  startup_stm32wb55xx_cm4.o [1]
  .text                  ro code   0x800'a7a0     0x4  startup_stm32wb55xx_cm4.o [1]
  .text                  ro code   0x800'a7a4     0x4  startup_stm32wb55xx_cm4.o [1]
  .text                  ro code   0x800'a7a8     0x4  startup_stm32wb55xx_cm4.o [1]
  .text                  ro code   0x800'a7ac     0x4  startup_stm32wb55xx_cm4.o [1]
  .text                  ro code   0x800'a7b0     0x4  startup_stm32wb55xx_cm4.o [1]
  .text                  ro code   0x800'a7b4     0x4  startup_stm32wb55xx_cm4.o [1]
  .text                  ro code   0x800'a7b8     0x4  startup_stm32wb55xx_cm4.o [1]
  .text                  ro code   0x800'a7bc     0x4  startup_stm32wb55xx_cm4.o [1]
  .text                  ro code   0x800'a7c0     0x4  startup_stm32wb55xx_cm4.o [1]
  .text                  ro code   0x800'a7c4     0x4  startup_stm32wb55xx_cm4.o [1]
  .text                  ro code   0x800'a7c8     0x4  startup_stm32wb55xx_cm4.o [1]
  .text                  ro code   0x800'a7cc     0x4  startup_stm32wb55xx_cm4.o [1]
  .text                  ro code   0x800'a7d0     0x4  startup_stm32wb55xx_cm4.o [1]
  .text                  ro code   0x800'a7d4     0x4  startup_stm32wb55xx_cm4.o [1]
  .text                  ro code   0x800'a7d8     0x4  startup_stm32wb55xx_cm4.o [1]
  .text                  ro code   0x800'a7dc     0x4  startup_stm32wb55xx_cm4.o [1]
  .text                  ro code   0x800'a7e0     0x4  startup_stm32wb55xx_cm4.o [1]
  .text                  ro code   0x800'a7e4     0x4  startup_stm32wb55xx_cm4.o [1]
  .text                  ro code   0x800'a7e8     0x4  startup_stm32wb55xx_cm4.o [1]
  .text                  ro code   0x800'a7ec     0x4  startup_stm32wb55xx_cm4.o [1]
  .text                  ro code   0x800'a7f0     0x4  startup_stm32wb55xx_cm4.o [1]
  .text                  ro code   0x800'a7f4     0x4  startup_stm32wb55xx_cm4.o [1]
  .text                  ro code   0x800'a7f8     0x0  cstart_closeall.o [4]
  .rodata                const     0x800'a7f8     0x0  zero_init3.o [4]
  .rodata                const     0x800'a7f8     0x0  lz77_init_single.o [4]
  Initializer bytes      const     0x800'a7f8   0x184  <for P2-1>
                                 - 0x800'a97c  0xa840

"P2", part 1 of 3:                             0x1348
  P2-1                            0x2000'0004  0x1348  <Init block>
    .data                inited   0x2000'0004  0x1024  dbg_trace.o [1]
    .data                inited   0x2000'1028    0x28  stm32_seq.o [1]
    .data                inited   0x2000'1050     0xc  stm32wbxx_hal.o [1]
    .data                inited   0x2000'105c     0x4  system_stm32wbxx.o [1]
    .data                inited   0x2000'1060     0xc  usbd_cdc.o [1]
    .data                inited   0x2000'106c    0x38  usbd_cdc.o [1]
    .data                inited   0x2000'10a4    0x44  usbd_cdc.o [1]
    .data                inited   0x2000'10e8    0x44  usbd_cdc.o [1]
    .data                inited   0x2000'112c    0x44  usbd_cdc.o [1]
    .data                inited   0x2000'1170    0x10  usbd_cdc_if.o [1]
    .data                inited   0x2000'1180    0x20  usbd_desc.o [1]
    .data                inited   0x2000'11a0    0x14  usbd_desc.o [1]
    .data                inited   0x2000'11b4     0x4  usbd_desc.o [1]
    .data                inited   0x2000'11b8    0x1c  usbd_desc.o [1]
    .data                inited   0x2000'11d4    0x38  xlocale_c.o [2]
    .data                inited   0x2000'120c    0x48  xlocale_c.o [2]
    .data                inited   0x2000'1254    0x48  xfiles.o [2]
    .data                inited   0x2000'129c    0x48  xfiles.o [2]
    .data                inited   0x2000'12e4    0x48  xfiles.o [2]
    .data                inited   0x2000'132c    0x20  xfiles.o [2]
                                - 0x2000'134c  0x1348

"P2", part 2 of 3:                             0x133c
  .bss                   zero     0x2000'134c   0x374  main.o [1]
  .bss                   zero     0x2000'16c0   0x2c4  usb_device.o [1]
  .bss                   zero     0x2000'1984   0x274  usbd_conf.o [1]
  .bss                   zero     0x2000'1bf8   0x220  usbd_conf.o [1]
  .bss                   zero     0x2000'1e18   0x200  usbd_desc.o [1]
  .bss                   zero     0x2000'2018    0xf0  dt_server_app.o [1]
  .bss                   zero     0x2000'2108    0x94  app_ble.o [1]
  TIMERSERVER_CONTEXT    zero     0x2000'219c    0x90  hw_timerserver.o [1]
  .bss                   zero     0x2000'222c    0x80  stm32_seq.o [1]
  .bss                   zero     0x2000'22ac    0x80  XShHandles.o [2]
  .bss                   zero     0x2000'232c    0x60  main.o [1]
  .bss                   zero     0x2000'238c    0x60  main.o [1]
  .bss                   zero     0x2000'23ec    0x60  main.o [1]
  .bss                   zero     0x2000'244c    0x50  xfiles.o [2]
  .bss                   zero     0x2000'249c    0x50  xfiles.o [2]
  .bss                   zero     0x2000'24ec    0x40  dt_client_app.o [1]
  .bss                   zero     0x2000'252c    0x40  stm32wbxx_hal_timebase_tim.o [1]
  .bss                   zero     0x2000'256c    0x2c  hci_tl.o [1]
  .bss                   zero     0x2000'2598    0x24  shci_tl.o [1]
  BLE_DRIVER_CONTEXT     zero     0x2000'25bc    0x20  svc_ctl.o [1]
  .bss                   zero     0x2000'25dc    0x14  dt_server_app.o [1]
  BLE_DRIVER_CONTEXT     zero     0x2000'25f0    0x10  hci_tl.o [1]
  BLE_DRIVER_CONTEXT     zero     0x2000'2600    0x10  svc_ctl.o [1]
  SYSTEM_DRIVER_CONTEXT  zero     0x2000'2610    0x10  shci_tl.o [1]
  .bss                   zero     0x2000'2620     0xc  hw_timerserver.o [1]
  .bss                   zero     0x2000'262c     0x8  app_ble.o [1]
  .bss                   zero     0x2000'2634     0x8  app_ble.o [1]
  .bss                   zero     0x2000'263c     0x8  stm32_lpm.o [1]
  .bss                   zero     0x2000'2644     0x8  tl_mbox.o [1]
  .bss                   zero     0x2000'264c     0x8  tl_mbox.o [1]
  .bss                   zero     0x2000'2654     0x8  tl_mbox.o [1]
  .bss                   zero     0x2000'265c     0x8  usbd_cdc_if.o [1]
  .bss                   zero     0x2000'2664     0x8  heap0.o [2]
  TIMERSERVER_CONTEXT    zero     0x2000'266c     0x8  hw_timerserver.o [1]
  .bss                   zero     0x2000'2674     0x4  dts.o [1]
  .bss                   zero     0x2000'2678     0x4  hw_ipcc.o [1]
  .bss                   zero     0x2000'267c     0x4  xfail_s.o [2]
  .bss                   zero     0x2000'2680     0x4  xgetmemchunk.o [2]
  .bss                   zero     0x2000'2684     0x1  usbd_ctlreq.o [1]
  SYSTEM_DRIVER_CONTEXT  zero     0x2000'2685     0x1  shci_tl.o [1]
                                - 0x2000'2686  0x133a

"P2", part 3 of 3:                             0x1660
  CSTACK                          0x2000'2688   0x800  <Block>
    CSTACK               uninit   0x2000'2688   0x800  <Block tail>
  HEAP                            0x2000'2e88   0xe60  <Block>
    HEAP                 uninit   0x2000'2e88   0xe60  <Block tail>
                                - 0x2000'3ce8  0x1660

"P3":                                            0x20
  MAPPING_TABLE          uninit   0x2003'0000    0x20  tl_mbox.o [1]
                                - 0x2003'0020    0x20

"P4-P5", part 1 of 2:                           0x880
  MB_MEM2                zero     0x2003'0020   0x860  app_entry.o [1]
  MB_MEM2                zero     0x2003'0880    0x18  tl_mbox.o [1]
  MB_MEM2                zero     0x2003'0898     0x8  tl_mbox.o [1]
                                - 0x2003'08a0   0x880

"P4-P5", part 2 of 2:                           0x194
  MB_MEM1                uninit   0x2003'08a0   0x10c  app_ble.o [1]
  MB_MEM1                uninit   0x2003'09ac    0x78  tl_mbox.o [1]
  MB_MEM1                uninit   0x2003'0a24     0x8  tl_mbox.o [1]
  MB_MEM1                uninit   0x2003'0a2c     0x8  tl_mbox.o [1]
                                - 0x2003'0a34   0x194

Unused ranges:

         From           To      Size
         ----           --      ----
   0x800'a97c   0x807'ffff  0x7'5684
  0x2000'3ce8  0x2002'ffff  0x2'c318
  0x2003'0a34  0x2003'27ff    0x1dcc


*******************************************************************************
*** INIT TABLE
***

          Address      Size
          -------      ----
Zero (__iar_zero_init3)
    2 destination ranges, total size 0x1bba:
          0x2000'134c  0x133a
          0x2003'0020   0x880

Copy/lz77 (__iar_lz77_init_single3)
    1 source range, total size 0x184 (7% of destination):
           0x800'a7f8   0x184
    1 destination range, total size 0x1348:
          0x2000'0004  0x1348



*******************************************************************************
*** MODULE SUMMARY
***

    Module                        ro code  ro data  rw data
    ------                        -------  -------  -------
command line/config:
    -------------------------------------------------------
    Total:

C:\Users\myant\Desktop\WB board design\BLE5\EWARM\BLE5\Obj: [1]
    app_ble.o                       1'356      552      432
    app_entry.o                       218             2'144
    ble_gap_aci.o                     786
    ble_gatt_aci.o                    874
    ble_hal_aci.o                     176
    ble_hci_le.o                      180
    dbg_trace.o                       176      324    4'132
    dt_client_app.o                 1'180      744       64
    dt_server_app.o                   200               260
    dts.o                             356                 4
    hci_tl.o                          408                60
    hci_tl_if.o                        20
    hw_ipcc.o                         464                 4
    hw_timerserver.o                1'386               164
    main.o                          1'680             1'172
    osal.o                             32
    otp.o                              40
    shci.o                             28
    shci_tl.o                         308                53
    shci_tl_if.o                       20
    startup_stm32wb55xx_cm4.o         556
    stm32_lpm.o                        56                 8
    stm32_seq.o                       424        3      168
    stm32wbxx_hal.o                    88        1       12
    stm32wbxx_hal_adc.o             1'344
    stm32wbxx_hal_cortex.o            240
    stm32wbxx_hal_crc.o               124
    stm32wbxx_hal_crc_ex.o             76
    stm32wbxx_hal_cryp.o               72
    stm32wbxx_hal_dma.o               524
    stm32wbxx_hal_gpio.o              432
    stm32wbxx_hal_i2c.o               176
    stm32wbxx_hal_i2c_ex.o            126
    stm32wbxx_hal_msp.o               784
    stm32wbxx_hal_pcd.o             1'654
    stm32wbxx_hal_pcd_ex.o             92
    stm32wbxx_hal_pwr.o                16
    stm32wbxx_hal_pwr_ex.o             36
    stm32wbxx_hal_rcc.o             2'272
    stm32wbxx_hal_rcc_ex.o            808
    stm32wbxx_hal_rtc.o               316
    stm32wbxx_hal_spi.o               174
    stm32wbxx_hal_tim.o               882
    stm32wbxx_hal_tim_ex.o            186
    stm32wbxx_hal_timebase_tim.o      120                64
    stm32wbxx_hal_uart.o            2'980
    stm32wbxx_hal_uart_ex.o           272
    stm32wbxx_it.o                     96
    stm32wbxx_ll_usb.o              1'592
    stm_list.o                        122
    stm_queue.o                       902
    svc_ctl.o                         250                48
    system_stm32wbxx.o                240      161        4
    tl_mbox.o                         474               224
    usb_device.o                       84               708
    usbd_cdc.o                        660       21      272
    usbd_cdc_if.o                      68        1       24
    usbd_conf.o                       644             1'172
    usbd_core.o                       636
    usbd_ctlreq.o                   1'142                 1
    usbd_desc.o                       256        7      596
    usbd_ioreq.o                       96
    -------------------------------------------------------
    Total:                         31'980    1'814   11'790

dl7M_tlf.a: [2]
    XShHandles.o                      204               128
    abort.o                             6
    exit.o                              4
    fclose.o                          126
    fflush.o                          172
    fputc.o                            84
    fseek.o                            36
    heap0.o                           312                 8
    heaptramp0.o                        4
    low_level_init.o                    4
    printf.o                           40
    putchar.o                          12
    xcloseall.o                        60
    xencoding_8859_1.o                 30
    xfail_s.o                          64                 4
    xfgpos.o                           12
    xfiles.o                                    20      408
    xfofind.o                         156
    xfspos.o                          216
    xfwprep.o                         180
    xgetmemchunk.o                     44                 4
    xlocale_c.o                       124       15      128
    xmbcurmax.o                        10
    xprintffull.o                   4'294
    xprout.o                           22
    -------------------------------------------------------
    Total:                          6'216       35      680

m7M_tls.a: [3]
    DblAdd.o                          362
    DblCmpGe.o                         46
    DblCmpLe.o                         46
    DblDiv.o                          582
    DblMul.o                          418
    DblSub.o                          226
    DblToS32.o                         58
    DblToU32.o                         40
    S32ToDbl.o                         34
    U32ToDbl.o                         26
    fpinit_M.o                         34
    frexp.o                           112
    ldexp.o                           314
    -------------------------------------------------------
    Total:                          2'298

rt7M_tl.a: [4]
    ABImemclr4.o                        6
    ABImemcpy_small.o                  24
    ABImemset48.o                      50
    ABImemset_small.o                  18
    I64DivMod_small.o                 262
    I64DivZer.o                         2
    cexit.o                            14
    cmain.o                            30
    cstart_closeall.o
    cstartup_M.o                       12
    data_init.o                        40
    lz77_init_single.o                120
    memchr.o                           88
    memset.o                           20
    strchr.o                           22
    strlen.o                           54
    zero_init3.o                       58
    -------------------------------------------------------
    Total:                            820

shb_l.a: [5]
    close.o                            24
    exit.o                             20
    lseek.o                            74
    remove.o                           20
    -------------------------------------------------------
    Total:                            138

    Gaps                               45        2
    Linker created                              40    5'728
-----------------------------------------------------------
    Grand Total:                   41'497    1'891   18'198


*******************************************************************************
*** ENTRY LIST
***

Entry                       Address    Size  Type      Object
-----                       -------    ----  ----      ------
.iar.init_table$$Base    0x800'a65c           --   Gb  - Linker created -
.iar.init_table$$Limit   0x800'a684           --   Gb  - Linker created -
?main                    0x800'a6a5          Code  Gb  cmain.o [4]
AHBPrescTable            0x800'a290    0x40  Data  Gb  system_stm32wbxx.o [1]
APBPrescTable            0x800'a684    0x20  Data  Gb  system_stm32wbxx.o [1]
APPE_Init                0x800'5161    0x86  Code  Gb  app_entry.o [1]
APPE_SysStatusNot        0x800'51fd     0x2  Code  Lc  app_entry.o [1]
APPE_SysUserEvtRx        0x800'5201    0x16  Code  Lc  app_entry.o [1]
APP_BLE_ComputeCRC8      0x800'67cb    0x2c  Code  Gb  app_ble.o [1]
APP_BLE_Init             0x800'662d   0x19e  Code  Gb  app_ble.o [1]
Adv_Request              0x800'6969    0x64  Code  Lc  app_ble.o [1]
Aldata                  0x2000'2664     0x8  Data  Lc  heap0.o [2]
AsynchPrescalerUserConfig
                        0x2000'2621     0x1  Data  Lc  hw_timerserver.o [1]
BLE_CFG_ER_VALUE         0x800'6b44    0x10  Data  Lc  app_ble.o [1]
BLE_CFG_IR_VALUE         0x800'6b34    0x10  Data  Lc  app_ble.o [1]
BLE_IoBusAclDataTxAck   0x2000'2650     0x4  Data  Lc  tl_mbox.o [1]
BLE_IoBusEvtCallBackFunction
                        0x2000'264c     0x4  Data  Lc  tl_mbox.o [1]
BLE_StatusNot            0x800'6a21    0x14  Code  Lc  app_ble.o [1]
BLE_UserEvtRx            0x800'6a09    0x16  Code  Lc  app_ble.o [1]
BleApplicationContext   0x2000'2108    0x94  Data  Lc  app_ble.o [1]
BleCmdBuffer            0x2003'08a0   0x10c  Data  Lc  app_ble.o [1]
BleSpareEvtBuffer       0x2003'0774   0x10c  Data  Lc  app_entry.o [1]
BusFault_Handler         0x800'a43b     0x2  Code  Gb  stm32wbxx_it.o [1]
CDC_Control_FS           0x800'a55d     0x4  Code  Lc  usbd_cdc_if.o [1]
CDC_DeInit_FS            0x800'a559     0x4  Code  Lc  usbd_cdc_if.o [1]
CDC_Desc                0x2000'1180    0x20  Data  Gb  usbd_desc.o [1]
CDC_Init_FS              0x800'a53d    0x1c  Code  Lc  usbd_cdc_if.o [1]
CDC_Receive_FS           0x800'a561    0x16  Code  Lc  usbd_cdc_if.o [1]
CSTACK$$Base            0x2000'2688           --   Gb  - Linker created -
CSTACK$$Limit           0x2000'2e88           --   Gb  - Linker created -
CacheMore                0x800'1241    0x28  Code  Lc  xlocale_c.o [2]
CircularQueue_Add        0x800'7301   0x20e  Code  Gb  stm_queue.o [1]
CircularQueue_Init       0x800'72d7    0x2a  Code  Gb  stm_queue.o [1]
CircularQueue_Remove     0x800'750f    0xb4  Code  Gb  stm_queue.o [1]
CircularQueue_Sense      0x800'75c3    0x8e  Code  Gb  stm_queue.o [1]
Cmd_SetStatus            0x800'65d9    0x22  Code  Lc  shci_tl.o [1]
CsBuffer                0x2003'0880    0x10  Data  Lc  tl_mbox.o [1]
CurrentRunningTimerID   0x2000'266c     0x1  Data  Lc  hw_timerserver.o [1]
CurrentTaskIdx          0x2000'104c     0x4  Data  Lc  stm32_seq.o [1]
DMA1_Channel1_IRQHandler
                         0x800'a445     0x6  Code  Gb  stm32wbxx_it.o [1]
DMA1_Channel2_IRQHandler
                         0x800'a44b     0x6  Code  Gb  stm32wbxx_it.o [1]
DMA1_Channel3_IRQHandler
                         0x800'a451     0x6  Code  Gb  stm32wbxx_it.o [1]
DMA_CalcDMAMUXChannelBaseAndMask
                         0x800'38c9    0x3a  Code  Lc  stm32wbxx_hal_dma.o [1]
DMA_CalcDMAMUXRequestGenBaseAndMask
                         0x800'3903    0x1c  Code  Lc  stm32wbxx_hal_dma.o [1]
DTC_App_Init             0x800'8359    0x36  Code  Gb  dt_client_app.o [1]
DTC_App_LinkReadyNotification
                         0x800'838f    0x40  Code  Gb  dt_client_app.o [1]
DTC_Event_Handler        0x800'83d1   0x1d2  Code  Lc  dt_client_app.o [1]
DTS_App_Init             0x800'87f5    0x32  Code  Gb  dt_server_app.o [1]
DTS_App_TxPoolAvailableNotification
                         0x800'882d     0xc  Code  Gb  dt_server_app.o [1]
DTS_Event_Handler        0x800'88e5    0x54  Code  Lc  dts.o [1]
DTS_Notification         0x800'8839    0x28  Code  Gb  dt_server_app.o [1]
DTS_STM_Init             0x800'8939    0x62  Code  Gb  dts.o [1]
DTS_STM_UpdateChar       0x800'899b    0x26  Code  Gb  dts.o [1]
DT_REQ_CHAR_UUID         0x800'8a28    0x10  Data  Gb  dts.o [1]
DT_REQ_SERV_UUID         0x800'8a38    0x10  Data  Gb  dts.o [1]
DataThroughputTimer      0x800'85ed    0x16  Code  Lc  dt_client_app.o [1]
DataThroughputValue     0x2000'2514     0x4  Data  Lc  dt_client_app.o [1]
DataThroughput_Calculation
                         0x800'85a5    0x46  Code  Lc  dt_client_app.o [1]
DataTransferClientContext
                        0x2000'24f0     0xc  Data  Gb  dt_client_app.o [1]
DataTransferServerContext
                        0x2000'25dc    0x14  Data  Lc  dt_server_app.o [1]
DataTransfered          0x2000'2528     0x4  Data  Gb  dt_client_app.o [1]
DbgOutputInit            0x800'5237     0x2  Code  Gb  app_entry.o [1]
DbgOutputTraces          0x800'5239     0x2  Code  Gb  app_entry.o [1]
DbgTraceInit             0x800'62a3    0x1e  Code  Gb  dbg_trace.o [1]
DbgTracePeripheralReady
                        0x2000'0004     0x1  Data  Gb  dbg_trace.o [1]
DbgTraceWrite            0x800'62c3    0x52  Code  Gb  dbg_trace.o [1]
DbgTrace_TxCpltCallback
                         0x800'626d    0x36  Code  Lc  dbg_trace.o [1]
DebugMon_Handler         0x800'a441     0x2  Code  Gb  stm32wbxx_it.o [1]
Error_Handler            0x800'3fb5     0x2  Code  Gb  main.o [1]
EvtPool                 0x2003'0020   0x53c  Data  Lc  app_entry.o [1]
EvtQueue                0x2003'0890     0x8  Data  Lc  tl_mbox.o [1]
EvtSet                  0x2000'1044     0x4  Data  Lc  stm32_seq.o [1]
EvtWaited               0x2000'1048     0x4  Data  Lc  stm32_seq.o [1]
FreeBufCb               0x2000'2678     0x4  Data  Lc  hw_ipcc.o [1]
FreeBufQueue            0x2003'0a24     0x8  Data  Lc  tl_mbox.o [1]
GattProcReq              0x800'8605    0xb0  Code  Lc  dt_client_app.o [1]
HAL_ADC_ConfigChannel    0x800'45c5   0x2d8  Code  Gb  stm32wbxx_hal_adc.o [1]
HAL_ADC_Init             0x800'443d   0x188  Code  Gb  stm32wbxx_hal_adc.o [1]
HAL_ADC_MspInit          0x800'29cb    0x3a  Code  Gb  stm32wbxx_hal_msp.o [1]
HAL_CRCEx_Polynomial_Set
                         0x800'576d    0x4c  Code  Gb  stm32wbxx_hal_crc_ex.o [1]
HAL_CRC_Init             0x800'5049    0x76  Code  Gb  stm32wbxx_hal_crc.o [1]
HAL_CRC_MspInit          0x800'2a19    0x22  Code  Gb  stm32wbxx_hal_msp.o [1]
HAL_CRYP_Init            0x800'5119    0x44  Code  Gb  stm32wbxx_hal_cryp.o [1]
HAL_CRYP_MspInit         0x800'2a05    0x14  Code  Gb  stm32wbxx_hal_msp.o [1]
HAL_DBGMCU_EnableDBGSleepMode
                         0x800'4279     0x4  Code  Gb  stm32wbxx_hal.o [1]
HAL_DMA_IRQHandler       0x800'3807    0xb0  Code  Gb  stm32wbxx_hal_dma.o [1]
HAL_DMA_Init             0x800'373d    0xb0  Code  Gb  stm32wbxx_hal_dma.o [1]
HAL_GPIO_Init            0x800'358d   0x188  Code  Gb  stm32wbxx_hal_gpio.o [1]
HAL_GPIO_WritePin        0x800'3715     0xa  Code  Gb  stm32wbxx_hal_gpio.o [1]
HAL_GetTick              0x800'3581     0xc  Code  Wk  stm32wbxx_hal.o [1]
HAL_GetTickPrio          0x800'4273     0x6  Code  Gb  stm32wbxx_hal.o [1]
HAL_I2CEx_ConfigAnalogFilter
                         0x800'49e9    0x2a  Code  Gb  stm32wbxx_hal_i2c_ex.o [1]
HAL_I2CEx_ConfigDigitalFilter
                         0x800'4a13    0x26  Code  Gb  stm32wbxx_hal_i2c_ex.o [1]
HAL_I2C_Init             0x800'4939    0xa0  Code  Gb  stm32wbxx_hal_i2c.o [1]
HAL_I2C_MspInit          0x800'2a3b    0x52  Code  Gb  stm32wbxx_hal_msp.o [1]
HAL_IncTick              0x800'5709    0x10  Code  Wk  stm32wbxx_hal.o [1]
HAL_Init                 0x800'4255    0x1e  Code  Gb  stm32wbxx_hal.o [1]
HAL_InitTick             0x800'41cd    0x66  Code  Gb  stm32wbxx_hal_timebase_tim.o [1]
HAL_MspInit              0x800'29b5    0x16  Code  Gb  stm32wbxx_hal_msp.o [1]
HAL_NVIC_ClearPendingIRQ
                         0x800'40a5    0x16  Code  Gb  stm32wbxx_hal_cortex.o [1]
HAL_NVIC_DisableIRQ      0x800'4071    0x1e  Code  Gb  stm32wbxx_hal_cortex.o [1]
HAL_NVIC_EnableIRQ       0x800'405b    0x16  Code  Gb  stm32wbxx_hal_cortex.o [1]
HAL_NVIC_SetPendingIRQ   0x800'408f    0x16  Code  Gb  stm32wbxx_hal_cortex.o [1]
HAL_NVIC_SetPriority     0x800'4021    0x3a  Code  Gb  stm32wbxx_hal_cortex.o [1]
HAL_NVIC_SetPriorityGrouping
                         0x800'4007    0x1a  Code  Gb  stm32wbxx_hal_cortex.o [1]
HAL_PCDEx_ActivateLPM    0x800'90f1    0x2a  Code  Gb  stm32wbxx_hal_pcd_ex.o [1]
HAL_PCDEx_LPM_Callback   0x800'6d95    0x40  Code  Gb  usbd_conf.o [1]
HAL_PCDEx_PMAConfig      0x800'90bf    0x32  Code  Gb  stm32wbxx_hal_pcd_ex.o [1]
HAL_PCD_DataInStageCallback
                         0x800'6c07     0xe  Code  Gb  usbd_conf.o [1]
HAL_PCD_DataOutStageCallback
                         0x800'6bf7    0x10  Code  Gb  usbd_conf.o [1]
HAL_PCD_EP_Close         0x800'8f81    0x1c  Code  Gb  stm32wbxx_hal_pcd.o [1]
HAL_PCD_EP_ClrStall      0x800'9059    0x2e  Code  Gb  stm32wbxx_hal_pcd.o [1]
HAL_PCD_EP_GetRxCount    0x800'8fbb     0xe  Code  Gb  stm32wbxx_hal_pcd.o [1]
HAL_PCD_EP_Open          0x800'8f2d    0x54  Code  Gb  stm32wbxx_hal_pcd.o [1]
HAL_PCD_EP_Receive       0x800'8f9d    0x1e  Code  Gb  stm32wbxx_hal_pcd.o [1]
HAL_PCD_EP_SetStall      0x800'8ff3    0x5e  Code  Gb  stm32wbxx_hal_pcd.o [1]
HAL_PCD_EP_Transmit      0x800'8fc9    0x1c  Code  Gb  stm32wbxx_hal_pcd.o [1]
HAL_PCD_IRQHandler       0x800'8b0d   0x396  Code  Gb  stm32wbxx_hal_pcd.o [1]
HAL_PCD_Init             0x800'8a49    0xa4  Code  Gb  stm32wbxx_hal_pcd.o [1]
HAL_PCD_MspInit          0x800'6b7d    0x6e  Code  Gb  usbd_conf.o [1]
HAL_PCD_ResetCallback    0x800'6c1d    0x24  Code  Gb  usbd_conf.o [1]
HAL_PCD_ResumeCallback   0x800'6c5d    0x22  Code  Gb  usbd_conf.o [1]
HAL_PCD_SOFCallback      0x800'6c15     0x8  Code  Gb  usbd_conf.o [1]
HAL_PCD_SetAddress       0x800'8f0f    0x1e  Code  Gb  stm32wbxx_hal_pcd.o [1]
HAL_PCD_SetupStageCallback
                         0x800'6beb     0xc  Code  Gb  usbd_conf.o [1]
HAL_PCD_Start            0x800'8aed    0x18  Code  Gb  stm32wbxx_hal_pcd.o [1]
HAL_PCD_SuspendCallback
                         0x800'6c41    0x1c  Code  Gb  usbd_conf.o [1]
HAL_PWREx_EnableVddUSB   0x800'429d     0x6  Code  Gb  stm32wbxx_hal_pwr_ex.o [1]
HAL_PWREx_GetVoltageRange
                         0x800'4291     0xc  Code  Gb  stm32wbxx_hal_pwr_ex.o [1]
HAL_PWR_EnableBkUpAccess
                         0x800'4245     0xc  Code  Gb  stm32wbxx_hal_pwr.o [1]
HAL_RCCEx_PeriphCLKConfig
                         0x800'540d   0x2ac  Code  Gb  stm32wbxx_hal_rcc_ex.o [1]
HAL_RCC_ClockConfig      0x800'31b9   0x1a2  Code  Gb  stm32wbxx_hal_rcc.o [1]
HAL_RCC_GetClockConfig   0x800'343f    0x46  Code  Gb  stm32wbxx_hal_rcc.o [1]
HAL_RCC_GetHCLKFreq      0x800'33f1     0xa  Code  Gb  stm32wbxx_hal_rcc.o [1]
HAL_RCC_GetPCLK1Freq     0x800'340d    0x10  Code  Gb  stm32wbxx_hal_rcc.o [1]
HAL_RCC_GetPCLK2Freq     0x800'341d     0xe  Code  Gb  stm32wbxx_hal_rcc.o [1]
HAL_RCC_GetSysClockFreq
                         0x800'3379    0x78  Code  Gb  stm32wbxx_hal_rcc.o [1]
HAL_RCC_OscConfig        0x800'2cc1   0x4d8  Code  Gb  stm32wbxx_hal_rcc.o [1]
HAL_RTC_Init             0x800'42b5    0xac  Code  Gb  stm32wbxx_hal_rtc.o [1]
HAL_RTC_MspInit          0x800'2a9f    0x14  Code  Gb  stm32wbxx_hal_msp.o [1]
HAL_RTC_WaitForSynchro   0x800'4389    0x32  Code  Gb  stm32wbxx_hal_rtc.o [1]
HAL_SPI_Init             0x800'4a69    0xa2  Code  Gb  stm32wbxx_hal_spi.o [1]
HAL_SPI_MspInit          0x800'2ab3    0xba  Code  Gb  stm32wbxx_hal_msp.o [1]
HAL_TIMEx_Break2Callback
                         0x800'5765     0x2  Code  Wk  stm32wbxx_hal_tim_ex.o [1]
HAL_TIMEx_BreakCallback
                         0x800'5763     0x2  Code  Wk  stm32wbxx_hal_tim_ex.o [1]
HAL_TIMEx_CommutCallback
                         0x800'5769     0x2  Code  Wk  stm32wbxx_hal_tim_ex.o [1]
HAL_TIMEx_MasterConfigSynchronization
                         0x800'4e85    0x4c  Code  Gb  stm32wbxx_hal_tim_ex.o [1]
HAL_TIMEx_RemapConfig    0x800'4ed1    0x64  Code  Gb  stm32wbxx_hal_tim_ex.o [1]
HAL_TIM_Base_Init        0x800'4b19    0x1a  Code  Gb  stm32wbxx_hal_tim.o [1]
HAL_TIM_Base_MspInit     0x800'2b9f    0x36  Code  Gb  stm32wbxx_hal_msp.o [1]
HAL_TIM_Base_Start_IT    0x800'4b33    0x28  Code  Gb  stm32wbxx_hal_tim.o [1]
HAL_TIM_IRQHandler       0x800'4b85   0x15c  Code  Gb  stm32wbxx_hal_tim.o [1]
HAL_TIM_PeriodElapsedCallback
                         0x800'3f3b     0xe  Code  Gb  main.o [1]
HAL_TIM_SlaveConfigSynchro
                         0x800'4ce7    0x1e  Code  Gb  stm32wbxx_hal_tim.o [1]
HAL_UARTEx_DisableFifoMode
                         0x800'4f39    0x3c  Code  Gb  stm32wbxx_hal_uart_ex.o [1]
HAL_UARTEx_SetRxFifoThreshold
                         0x800'4f8b    0x14  Code  Gb  stm32wbxx_hal_uart_ex.o [1]
HAL_UARTEx_SetTxFifoThreshold
                         0x800'4f75    0x16  Code  Gb  stm32wbxx_hal_uart_ex.o [1]
HAL_UART_Init            0x800'1ded    0x30  Code  Gb  stm32wbxx_hal_uart.o [1]
HAL_UART_MspInit         0x800'2bd5    0x66  Code  Gb  stm32wbxx_hal_msp.o [1]
HEAP$$Base              0x2000'2e88           --   Gb  - Linker created -
HEAP$$Limit             0x2000'3ce8           --   Gb  - Linker created -
HW_IPCC_BLE_AclDataAckNot
                         0x800'63b7     0x6  Code  Gb  tl_mbox.o [1]
HW_IPCC_BLE_Init         0x800'7797     0xc  Code  Gb  hw_ipcc.o [1]
HW_IPCC_BLE_RxEvtNot     0x800'6391    0x26  Code  Gb  tl_mbox.o [1]
HW_IPCC_BLE_SendCmd      0x800'77a3     0xa  Code  Gb  hw_ipcc.o [1]
HW_IPCC_Enable           0x800'774f    0x10  Code  Gb  hw_ipcc.o [1]
HW_IPCC_Init             0x800'775f    0x38  Code  Gb  hw_ipcc.o [1]
HW_IPCC_MM_SendFreeBuf   0x800'77dd    0x28  Code  Gb  hw_ipcc.o [1]
HW_IPCC_Rx_Handler       0x800'7687    0x54  Code  Gb  hw_ipcc.o [1]
HW_IPCC_SYS_CmdEvtHandler
                         0x800'77cb    0x12  Code  Lc  hw_ipcc.o [1]
HW_IPCC_SYS_CmdEvtNot    0x800'63f9     0xc  Code  Gb  tl_mbox.o [1]
HW_IPCC_SYS_EvtNot       0x800'6405    0x22  Code  Gb  tl_mbox.o [1]
HW_IPCC_SYS_Init         0x800'77ad     0xc  Code  Gb  hw_ipcc.o [1]
HW_IPCC_SYS_SendCmd      0x800'77b9    0x12  Code  Gb  hw_ipcc.o [1]
HW_IPCC_TRACES_EvtNot    0x800'64af    0x20  Code  Gb  tl_mbox.o [1]
HW_IPCC_TRACES_Init      0x800'7805     0xc  Code  Gb  hw_ipcc.o [1]
HW_IPCC_Tx_Handler       0x800'76db    0x6e  Code  Gb  hw_ipcc.o [1]
HW_TS_Create             0x800'602d    0x50  Code  Gb  hw_timerserver.o [1]
HW_TS_Init               0x800'5f37    0xe8  Code  Gb  hw_timerserver.o [1]
HW_TS_RTC_Wakeup_Handler
                         0x800'5e85    0xa6  Code  Gb  hw_timerserver.o [1]
HW_TS_Start              0x800'6117   0x12c  Code  Gb  hw_timerserver.o [1]
HW_TS_Stop               0x800'607d    0x74  Code  Gb  hw_timerserver.o [1]
HardFault_Handler        0x800'a437     0x2  Code  Gb  stm32wbxx_it.o [1]
HciAsynchEventQueue     0x2000'25f8     0x8  Data  Lc  hci_tl.o [1]
HciCmdEventQueue        0x2000'2590     0x8  Data  Lc  hci_tl.o [1]
IPCC_C1_RX_IRQHandler    0x800'a491     0x4  Code  Gb  stm32wbxx_it.o [1]
IPCC_C1_TX_IRQHandler    0x800'a48d     0x4  Code  Gb  stm32wbxx_it.o [1]
IntToUnicode             0x800'9e01    0x26  Code  Lc  usbd_desc.o [1]
LL_ADC_GetOffsetChannel
                         0x800'43f9     0xe  Code  Lc  stm32wbxx_hal_adc.o [1]
LL_ADC_SetChannelSamplingTime
                         0x800'4419    0x24  Code  Lc  stm32wbxx_hal_adc.o [1]
LL_ADC_SetOffsetState    0x800'4407    0x12  Code  Lc  stm32wbxx_hal_adc.o [1]
LL_AHB1_GRP1_EnableClock
                         0x800'3949     0x6  Code  Lc  main.o [1]
LL_AHB2_GRP1_EnableClock
                         0x800'394f     0x4  Code  Lc  main.o [1]
LL_AHB2_GRP1_EnableClock
                         0x800'2991     0x6  Code  Lc  stm32wbxx_hal_msp.o [1]
LL_APB1_GRP1_EnableClock
                         0x800'2997     0x4  Code  Lc  stm32wbxx_hal_msp.o [1]
LL_APB2_GRP1_EnableClock
                         0x800'29af     0x6  Code  Lc  stm32wbxx_hal_msp.o [1]
LL_C1_IPCC_DisableTransmitChannel
                         0x800'765d     0xa  Code  Lc  hw_ipcc.o [1]
LL_C1_IPCC_IsActiveFlag_CHx
                         0x800'7667    0x10  Code  Lc  hw_ipcc.o [1]
LL_C2_IPCC_IsActiveFlag_CHx
                         0x800'7677    0x10  Code  Lc  hw_ipcc.o [1]
LL_RCC_GetAHB4Prescaler
                         0x800'2cb3     0xe  Code  Lc  stm32wbxx_hal_rcc.o [1]
LL_RCC_MSI_GetRange      0x800'2ca1    0x12  Code  Lc  stm32wbxx_hal_rcc.o [1]
LL_RCC_SetI2CClockSource
                         0x800'53e1    0x18  Code  Lc  stm32wbxx_hal_rcc_ex.o [1]
LL_RCC_SetLPTIMClockSource
                         0x800'53f9    0x14  Code  Lc  stm32wbxx_hal_rcc_ex.o [1]
LST_init_head            0x800'782d     0x6  Code  Gb  stm_list.o [1]
LST_insert_head          0x800'7845    0x14  Code  Gb  stm_list.o [1]
LST_insert_tail          0x800'7859    0x14  Code  Gb  stm_list.o [1]
LST_is_empty             0x800'7833    0x12  Code  Gb  stm_list.o [1]
LST_remove_head          0x800'7885    0x10  Code  Gb  stm_list.o [1]
LST_remove_node          0x800'786d    0x12  Code  Gb  stm_list.o [1]
LinkConfiguration        0x800'67f9    0x2c  Code  Lc  app_ble.o [1]
LocalFreeBufQueue       0x2000'2644     0x8  Data  Lc  tl_mbox.o [1]
MSIRangeTable            0x800'a2d0    0x40  Data  Gb  system_stm32wbxx.o [1]
MX_USB_Device_Init       0x800'50c5    0x54  Code  Gb  usb_device.o [1]
M_bd_addr                0x800'6b2c     0x8  Data  Lc  app_ble.o [1]
MaxWakeupTimerSetup     0x2000'2624     0x2  Data  Lc  hw_timerserver.o [1]
MemManage_Handler        0x800'a439     0x2  Code  Gb  stm32wbxx_it.o [1]
MsgDbgTraceQueue        0x2000'0008    0x20  Data  Lc  dbg_trace.o [1]
MsgDbgTraceQueueBuff    0x2000'0028  0x1000  Data  Lc  dbg_trace.o [1]
N                       0x2000'2524     0x4  Data  Gb  dt_client_app.o [1]
NMI_Handler              0x800'a435     0x2  Code  Gb  stm32wbxx_it.o [1]
Nbr_packet              0x2000'2520     0x4  Data  Lc  dt_client_app.o [1]
NotificationData        0x2000'2500    0x14  Data  Lc  dt_client_app.o [1]
Notification_Data_Buffer
                        0x2000'2018    0xf0  Data  Lc  dt_server_app.o [1]
NotifyCmdStatus          0x800'7a01    0x14  Code  Lc  hci_tl.o [1]
OTP_Read                 0x800'7b25    0x28  Code  Gb  otp.o [1]
OffModeDisable          0x2000'2640     0x4  Data  Lc  stm32_lpm.o [1]
Osal_MemCpy              0x800'9131     0xc  Code  Gb  osal.o [1]
Osal_MemSet              0x800'913d    0x14  Code  Gb  osal.o [1]
PendSV_Handler           0x800'a443     0x2  Code  Gb  stm32wbxx_it.o [1]
PreviousRunningTimerID  0x2000'266d     0x1  Data  Lc  hw_timerserver.o [1]
RCC_SetFlashLatency::FLASH_CLK_SRC_RANGE_VOS1
                         0x800'3554    0x10  Data  Lc  stm32wbxx_hal_rcc.o [1]
RCC_SetFlashLatency::FLASH_CLK_SRC_RANGE_VOS2
                         0x800'3564     0xc  Data  Lc  stm32wbxx_hal_rcc.o [1]
RCC_SetFlashLatency::FLASH_LATENCY_RANGE
                         0x800'3570    0x10  Data  Lc  stm32wbxx_hal_rcc.o [1]
RCC_SetFlashLatencyFromMSIRange
                         0x800'3485    0x96  Code  Lc  stm32wbxx_hal_rcc.o [1]
RTC_EnterInitMode        0x800'43bb    0x36  Code  Gb  stm32wbxx_hal_rtc.o [1]
RTC_WKUP_IRQHandler      0x800'a489     0x4  Code  Gb  stm32wbxx_it.o [1]
ReadRtcSsrValue          0x800'5d01    0x16  Code  Lc  hw_timerserver.o [1]
Region$$Table$$Base      0x800'a65c           --   Gb  - Linker created -
Region$$Table$$Limit     0x800'a684           --   Gb  - Linker created -
RescheduleTimerList      0x800'5da3    0xe2  Code  Lc  hw_timerserver.o [1]
ReturnTimeElapsed        0x800'5d6d    0x36  Code  Lc  hw_timerserver.o [1]
SERVER_REMOTE_BDADDR    0x2000'2634     0x8  Data  Gb  app_ble.o [1]
SHCICmdStatus           0x2000'2685     0x1  Data  Lc  shci_tl.o [1]
SHCI_C2_BLE_Init         0x800'7a61    0x10  Code  Gb  shci.o [1]
SHCI_TL_UserEventFlow   0x2000'2610     0x1  Data  Gb  shci_tl.o [1]
SHciAsynchEventQueue    0x2000'2618     0x8  Data  Lc  shci_tl.o [1]
SSRValueOnLastSetup     0x2000'2670     0x4  Data  Lc  hw_timerserver.o [1]
SVCCTL_App_Notification
                         0x800'6825   0x142  Code  Gb  app_ble.o [1]
SVCCTL_CltHandler       0x2000'2600    0x10  Data  Gb  svc_ctl.o [1]
SVCCTL_EvtHandler       0x2000'25bc    0x20  Data  Gb  svc_ctl.o [1]
SVCCTL_Init              0x800'8279    0x4a  Code  Gb  svc_ctl.o [1]
SVCCTL_InitCustomSvc     0x800'6a35     0x4  Code  Gb  app_ble.o [1]
SVCCTL_RegisterCltHandler
                         0x800'82d3    0x10  Code  Gb  svc_ctl.o [1]
SVCCTL_RegisterSvcHandler
                         0x800'82c3    0x10  Code  Gb  svc_ctl.o [1]
SVCCTL_UserEvtRx         0x800'82e3    0x6c  Code  Gb  svc_ctl.o [1]
SVC_Handler              0x800'a43f     0x2  Code  Gb  stm32wbxx_it.o [1]
SYS_CMD_IoBusCallBackFunction
                        0x2000'2654     0x4  Data  Lc  tl_mbox.o [1]
SYS_EVT_IoBusCallBackFunction
                        0x2000'2658     0x4  Data  Lc  tl_mbox.o [1]
SendData                 0x800'8861    0x52  Code  Lc  dt_server_app.o [1]
SendFreeBuf              0x800'6471    0x26  Code  Lc  tl_mbox.o [1]
StatusNotCallBackFunction
                        0x2000'258c     0x4  Data  Lc  hci_tl.o [1]
StatusNotCallBackFunction
                        0x2000'25b8     0x4  Data  Lc  shci_tl.o [1]
StopModeDisable         0x2000'263c     0x4  Data  Lc  stm32_lpm.o [1]
SuperMask               0x2000'1040     0x4  Data  Lc  stm32_seq.o [1]
SynchPrescalerUserConfig
                        0x2000'2622     0x2  Data  Lc  hw_timerserver.o [1]
SystemClock_Config       0x800'3e1d   0x11e  Code  Gb  main.o [1]
SystemCmdBuffer         0x2003'055c   0x10c  Data  Lc  app_entry.o [1]
SystemCoreClock         0x2000'105c     0x4  Data  Gb  system_stm32wbxx.o [1]
SystemCoreClockUpdate    0x800'412d    0x7a  Code  Gb  system_stm32wbxx.o [1]
SystemEvtQueue          0x2003'0898     0x8  Data  Lc  tl_mbox.o [1]
SystemInit               0x800'40dd    0x50  Code  Gb  system_stm32wbxx.o [1]
SystemSpareEvtBuffer    0x2003'0668   0x10c  Data  Lc  app_entry.o [1]
TIM1_UP_TIM16_IRQHandler
                         0x800'a45d    0x12  Code  Gb  stm32wbxx_it.o [1]
TIM_Base_SetConfig       0x800'4d3f    0x60  Code  Gb  stm32wbxx_hal_tim.o [1]
TIM_ETR_SetConfig        0x800'4e69    0x14  Code  Gb  stm32wbxx_hal_tim.o [1]
TIM_SlaveTimer_SetConfig
                         0x800'4d9f    0x72  Code  Lc  stm32wbxx_hal_tim.o [1]
TIM_TI1_ConfigInputStage
                         0x800'4e11    0x1e  Code  Lc  stm32wbxx_hal_tim.o [1]
TIM_TI2_ConfigInputStage
                         0x800'4e2f    0x24  Code  Lc  stm32wbxx_hal_tim.o [1]
TL_BLE_Init              0x800'6353    0x2a  Code  Gb  tl_mbox.o [1]
TL_BLE_SendCmd           0x800'637d    0x14  Code  Gb  tl_mbox.o [1]
TL_BleTable             0x2003'09cc    0x10  Data  Lc  tl_mbox.o [1]
TL_DeviceInfoTable      0x2003'09ac    0x20  Data  Lc  tl_mbox.o [1]
TL_Enable                0x800'631d     0x4  Code  Gb  tl_mbox.o [1]
TL_Init                  0x800'6321    0x32  Code  Gb  tl_mbox.o [1]
TL_MM_EvtDone            0x800'6459    0x16  Code  Gb  tl_mbox.o [1]
TL_MM_Init               0x800'6427    0x32  Code  Gb  tl_mbox.o [1]
TL_Mac_802_15_4_Table   0x2003'0a10     0xc  Data  Lc  tl_mbox.o [1]
TL_MemManagerTable      0x2003'09f0    0x1c  Data  Lc  tl_mbox.o [1]
TL_RefTable             0x2003'0000    0x20  Data  Lc  tl_mbox.o [1]
TL_SYS_Init              0x800'63bd    0x1c  Code  Gb  tl_mbox.o [1]
TL_SYS_SendCmd           0x800'63e5    0x14  Code  Gb  tl_mbox.o [1]
TL_SysTable             0x2003'09e8     0x8  Data  Lc  tl_mbox.o [1]
TL_TRACES_Init           0x800'6497    0x18  Code  Gb  tl_mbox.o [1]
TL_ThreadTable          0x2003'09dc     0xc  Data  Lc  tl_mbox.o [1]
TL_TracesTable          0x2003'0a0c     0x4  Data  Lc  tl_mbox.o [1]
TL_Zigbee_Table         0x2003'0a1c     0x8  Data  Lc  tl_mbox.o [1]
TaskCb                  0x2000'222c    0x80  Data  Lc  stm32_seq.o [1]
TaskMask                0x2000'103c     0x4  Data  Lc  stm32_seq.o [1]
TaskPrio                0x2000'1028    0x10  Data  Lc  stm32_seq.o [1]
TaskSet                 0x2000'1038     0x4  Data  Lc  stm32_seq.o [1]
TimerDataThroughput_Id  0x2000'24ec     0x1  Data  Lc  dt_client_app.o [1]
TlCmdEvtReceived         0x800'65fd     0x6  Code  Lc  shci_tl.o [1]
TlEvtReceived            0x800'7a15    0x34  Code  Lc  hci_tl.o [1]
TlUserEvtReceived        0x800'6605    0x1a  Code  Lc  shci_tl.o [1]
TotalDataReceived       0x2000'251c     0x4  Data  Lc  dt_client_app.o [1]
TracesEvtQueue          0x2003'0a2c     0x8  Data  Lc  tl_mbox.o [1]
UARTEx_SetNbDataToProcess
                         0x800'4fe1    0x56  Code  Lc  stm32wbxx_hal_uart_ex.o [1]
UART_AdvFeatureConfig    0x800'276d    0xc6  Code  Gb  stm32wbxx_hal_uart.o [1]
UART_CheckIdleState      0x800'2833    0x5a  Code  Gb  stm32wbxx_hal_uart.o [1]
UART_SetConfig           0x800'1e6d   0x8e4  Code  Gb  stm32wbxx_hal_uart.o [1]
UART_WaitOnFlagUntilTimeout
                         0x800'288d    0x78  Code  Gb  stm32wbxx_hal_uart.o [1]
USBD_CDC                0x2000'106c    0x38  Data  Gb  usbd_cdc.o [1]
USBD_CDC_CfgFSDesc      0x2000'10e8    0x44  Data  Gb  usbd_cdc.o [1]
USBD_CDC_CfgHSDesc      0x2000'10a4    0x44  Data  Gb  usbd_cdc.o [1]
USBD_CDC_ConfigStrDescriptor
                         0x800'9dcd     0xc  Code  Gb  usbd_desc.o [1]
USBD_CDC_DataIn          0x800'5bb1    0x48  Code  Lc  usbd_cdc.o [1]
USBD_CDC_DataOut         0x800'5bf9    0x2a  Code  Lc  usbd_cdc.o [1]
USBD_CDC_DeInit          0x800'5ac5    0x44  Code  Lc  usbd_cdc.o [1]
USBD_CDC_DeviceDesc     0x2000'11a0    0x14  Data  Gb  usbd_desc.o [1]
USBD_CDC_DeviceDescriptor
                         0x800'9d71     0x8  Code  Gb  usbd_desc.o [1]
USBD_CDC_DeviceQualifierDesc
                        0x2000'1060     0xc  Data  Lc  usbd_cdc.o [1]
USBD_CDC_EP0_RxReady     0x800'5c23    0x26  Code  Lc  usbd_cdc.o [1]
USBD_CDC_GetDeviceQualifierDescriptor
                         0x800'5c61     0x8  Code  Gb  usbd_cdc.o [1]
USBD_CDC_GetFSCfgDesc    0x800'5c49     0x8  Code  Lc  usbd_cdc.o [1]
USBD_CDC_GetHSCfgDesc    0x800'5c51     0x8  Code  Lc  usbd_cdc.o [1]
USBD_CDC_GetOtherSpeedCfgDesc
                         0x800'5c59     0x8  Code  Lc  usbd_cdc.o [1]
USBD_CDC_Init            0x800'5a35    0x86  Code  Lc  usbd_cdc.o [1]
USBD_CDC_InterfaceStrDescriptor
                         0x800'9df5     0xc  Code  Gb  usbd_desc.o [1]
USBD_CDC_LangIDStrDescriptor
                         0x800'9d79     0x8  Code  Gb  usbd_desc.o [1]
USBD_CDC_ManufacturerStrDescriptor
                         0x800'9d8d     0xa  Code  Gb  usbd_desc.o [1]
USBD_CDC_OtherSpeedCfgDesc
                        0x2000'112c    0x44  Data  Gb  usbd_cdc.o [1]
USBD_CDC_ProductStrDescriptor
                         0x800'9d81     0xc  Code  Gb  usbd_desc.o [1]
USBD_CDC_ReceivePacket   0x800'5ca3    0x26  Code  Gb  usbd_cdc.o [1]
USBD_CDC_RegisterInterface
                         0x800'5c79     0xe  Code  Gb  usbd_cdc.o [1]
USBD_CDC_SerialStrDescriptor
                         0x800'9da1    0x2c  Code  Gb  usbd_desc.o [1]
USBD_CDC_SetRxBuffer     0x800'5c97     0xc  Code  Gb  usbd_cdc.o [1]
USBD_CDC_SetTxBuffer     0x800'5c87    0x10  Code  Gb  usbd_cdc.o [1]
USBD_CDC_Setup           0x800'5b09    0xa8  Code  Lc  usbd_cdc.o [1]
USBD_ClrClassConfig      0x800'580f     0xa  Code  Gb  usbd_core.o [1]
USBD_CtlContinueRx       0x800'72ab     0x4  Code  Gb  usbd_ioreq.o [1]
USBD_CtlContinueSendData
                         0x800'7287     0x4  Code  Gb  usbd_ioreq.o [1]
USBD_CtlError            0x800'721b    0x16  Code  Gb  usbd_ctlreq.o [1]
USBD_CtlPrepareRx        0x800'7297    0x14  Code  Gb  usbd_ioreq.o [1]
USBD_CtlReceiveStatus    0x800'72c9     0xe  Code  Gb  usbd_ioreq.o [1]
USBD_CtlSendData         0x800'7277    0x10  Code  Gb  usbd_ioreq.o [1]
USBD_CtlSendStatus       0x800'72bb     0xe  Code  Gb  usbd_ioreq.o [1]
USBD_GetString           0x800'7231    0x46  Code  Gb  usbd_ctlreq.o [1]
USBD_Get_USB_Status      0x800'6def    0x12  Code  Lc  usbd_conf.o [1]
USBD_Init                0x800'57b9    0x26  Code  Gb  usbd_core.o [1]
USBD_Interface_fops_FS  0x2000'1170    0x10  Data  Gb  usbd_cdc_if.o [1]
USBD_LL_ClearStallEP     0x800'6d41     0xc  Code  Gb  usbd_conf.o [1]
USBD_LL_CloseEP          0x800'6d29     0xc  Code  Gb  usbd_conf.o [1]
USBD_LL_DataInStage      0x800'58ef    0xae  Code  Gb  usbd_core.o [1]
USBD_LL_DataOutStage     0x800'586d    0x7a  Code  Gb  usbd_core.o [1]
USBD_LL_GetRxDataSize    0x800'6d8d     0x8  Code  Gb  usbd_conf.o [1]
USBD_LL_Init             0x800'6c7f    0x84  Code  Gb  usbd_conf.o [1]
USBD_LL_IsStallEP        0x800'6d4d    0x1c  Code  Gb  usbd_conf.o [1]
USBD_LL_OpenEP           0x800'6d13    0x16  Code  Gb  usbd_conf.o [1]
USBD_LL_PrepareReceive   0x800'6d81     0xc  Code  Gb  usbd_conf.o [1]
USBD_LL_Reset            0x800'599d    0x52  Code  Gb  usbd_core.o [1]
USBD_LL_Resume           0x800'5a05    0x12  Code  Gb  usbd_core.o [1]
USBD_LL_SOF              0x800'5a17    0x18  Code  Gb  usbd_core.o [1]
USBD_LL_SetSpeed         0x800'59ef     0x6  Code  Gb  usbd_core.o [1]
USBD_LL_SetUSBAddress    0x800'6d69     0xc  Code  Gb  usbd_conf.o [1]
USBD_LL_SetupStage       0x800'5819    0x54  Code  Gb  usbd_core.o [1]
USBD_LL_StallEP          0x800'6d35     0xc  Code  Gb  usbd_conf.o [1]
USBD_LL_Start            0x800'6d03     0xa  Code  Gb  usbd_conf.o [1]
USBD_LL_Suspend          0x800'59f5    0x10  Code  Gb  usbd_core.o [1]
USBD_LL_Transmit         0x800'6d75     0xc  Code  Gb  usbd_conf.o [1]
USBD_LangIDDesc         0x2000'11b4     0x4  Data  Gb  usbd_desc.o [1]
USBD_ParseSetupRequest   0x800'71f1    0x2a  Code  Gb  usbd_ctlreq.o [1]
USBD_RegisterClass       0x800'57df    0x10  Code  Gb  usbd_core.o [1]
USBD_SetClassConfig      0x800'57f9    0x16  Code  Gb  usbd_core.o [1]
USBD_SetConfig::cfgidx  0x2000'2684     0x1  Data  Lc  usbd_ctlreq.o [1]
USBD_Start               0x800'57ef     0xa  Code  Gb  usbd_core.o [1]
USBD_StdDevReq           0x800'6e01   0x270  Code  Gb  usbd_ctlreq.o [1]
USBD_StdEPReq            0x800'70c9   0x11a  Code  Gb  usbd_ctlreq.o [1]
USBD_StdItfReq           0x800'7075    0x42  Code  Gb  usbd_ctlreq.o [1]
USBD_StrDesc            0x2000'1e18   0x200  Data  Gb  usbd_desc.o [1]
USBD_StringSerial       0x2000'11b8    0x1c  Data  Gb  usbd_desc.o [1]
USBD_static_free         0x800'6ded     0x2  Code  Gb  usbd_conf.o [1]
USBD_static_malloc       0x800'6dd5     0x4  Code  Gb  usbd_conf.o [1]
USBD_static_malloc::mem
                        0x2000'1bf8   0x220  Data  Lc  usbd_conf.o [1]
USB_ActivateEndpoint     0x800'91a9   0x250  Code  Gb  stm32wbxx_ll_usb.o [1]
USB_DeactivateEndpoint   0x800'93f9   0x10c  Code  Gb  stm32wbxx_ll_usb.o [1]
USB_DevConnect           0x800'972f     0xa  Code  Gb  stm32wbxx_ll_usb.o [1]
USB_DevInit              0x800'9185    0x1e  Code  Gb  stm32wbxx_ll_usb.o [1]
USB_DisableGlobalInt     0x800'917b     0xa  Code  Gb  stm32wbxx_ll_usb.o [1]
USB_EP0_OutStart         0x800'9747     0x4  Code  Gb  stm32wbxx_ll_usb.o [1]
USB_EPClearStall         0x800'96a9    0x7a  Code  Gb  stm32wbxx_ll_usb.o [1]
USB_EPSetStall           0x800'9677    0x32  Code  Gb  stm32wbxx_ll_usb.o [1]
USB_EPStartXfer          0x800'9505   0x14e  Code  Gb  stm32wbxx_ll_usb.o [1]
USB_EnableGlobalInt      0x800'916d     0xe  Code  Gb  stm32wbxx_ll_usb.o [1]
USB_LP_IRQHandler        0x800'a457     0x6  Code  Gb  stm32wbxx_it.o [1]
USB_ReadInterrupts       0x800'9741     0x6  Code  Gb  stm32wbxx_ll_usb.o [1]
USB_ReadPMA              0x800'977f    0x26  Code  Gb  stm32wbxx_ll_usb.o [1]
USB_SetDevAddress        0x800'9723     0xc  Code  Gb  stm32wbxx_ll_usb.o [1]
USB_WritePMA             0x800'975d    0x22  Code  Gb  stm32wbxx_ll_usb.o [1]
UTIL_LPM_Init            0x800'5cc9     0xa  Code  Gb  stm32_lpm.o [1]
UTIL_LPM_SetOffMode      0x800'5cd3    0x18  Code  Gb  stm32_lpm.o [1]
UTIL_SEQ_EvtIdle         0x800'5219     0x8  Code  Gb  app_entry.o [1]
UTIL_SEQ_Idle            0x800'5217     0x2  Code  Gb  app_entry.o [1]
UTIL_SEQ_PauseTask       0x800'533b    0x10  Code  Gb  stm32_seq.o [1]
UTIL_SEQ_RegTask         0x800'5301    0x1a  Code  Gb  stm32_seq.o [1]
UTIL_SEQ_ResumeTask      0x800'534b     0xc  Code  Gb  stm32_seq.o [1]
UTIL_SEQ_Run             0x800'523d    0xc4  Code  Gb  stm32_seq.o [1]
UTIL_SEQ_SetEvt          0x800'535f    0x10  Code  Gb  stm32_seq.o [1]
UTIL_SEQ_SetTask         0x800'531b    0x20  Code  Gb  stm32_seq.o [1]
UTIL_SEQ_WaitEvt         0x800'536f    0x28  Code  Gb  stm32_seq.o [1]
UnlinkTimer              0x800'5d17    0x56  Code  Lc  hw_timerserver.o [1]
UsageFault_Handler       0x800'a43d     0x2  Code  Gb  stm32wbxx_it.o [1]
UserEventFlow           0x2000'25f0     0x1  Data  Gb  hci_tl.o [1]
UserRxBufferFS          0x2000'265c     0x4  Data  Gb  usbd_cdc_if.o [1]
UserTxBufferFS          0x2000'2660     0x4  Data  Gb  usbd_cdc_if.o [1]
WakeupTimerDivider      0x2000'2620     0x1  Data  Lc  hw_timerserver.o [1]
WakeupTimerLimitation   0x2000'266e     0x1  Data  Lc  hw_timerserver.o [1]
_Close_all               0x800'a581    0x3c  Code  Gb  xcloseall.o [2]
_Encoding_8859_1_Mbrlen
                         0x800'12e1     0x2  Code  Gb  xencoding_8859_1.o [2]
_Encoding_8859_1_Wctomb
                         0x800'12cf    0x12  Code  Gb  xencoding_8859_1.o [2]
_Files                  0x2000'132c    0x20  Data  Gb  xfiles.o [2]
_Fofree                  0x800'a1f1    0x96  Code  Gb  xfofind.o [2]
_Fspos                   0x800'9e71    0xd8  Code  Gb  xfspos.o [2]
_Fwprep                  0x800'a119    0xb4  Code  Gb  xfwprep.o [2]
_LitobFull               0x800'104f   0x10a  Code  Lc  xprintffull.o [2]
_Locale_lconv           0x2000'11d4    0x38  Data  Lc  xlocale_c.o [2]
_Nnl                     0x800'9ff5     0xc  Code  Gb  xfgpos.o [2]
_PrintfFull              0x800'013d   0xcc4  Code  Gb  xprintffull.o [2]
_Prout                   0x800'a6db    0x16  Code  Gb  xprout.o [2]
_PutcharsFull            0x800'11c1    0x2e  Code  Lc  xprintffull.o [2]
_PutstrFull              0x800'0f8f    0xc0  Code  Lc  xprintffull.o [2]
_PuttxtFull              0x800'0e83   0x10c  Code  Lc  xprintffull.o [2]
__NVIC_SetPriority       0x800'3fed    0x1a  Code  Lc  stm32wbxx_hal_cortex.o [1]
__aeabi_cdcmple          0x800'1445          Code  Gb  DblCmpLe.o [3]
__aeabi_cdrcmple         0x800'1475          Code  Gb  DblCmpGe.o [3]
__aeabi_d2iz             0x800'15e1          Code  Gb  DblToS32.o [3]
__aeabi_d2uiz            0x800'196d          Code  Gb  DblToU32.o [3]
__aeabi_ddiv             0x800'1725          Code  Gb  DblDiv.o [3]
__aeabi_dmul             0x800'19b1          Code  Gb  DblMul.o [3]
__aeabi_dsub             0x800'1641          Code  Gb  DblSub.o [3]
__aeabi_i2d              0x800'161d          Code  Gb  S32ToDbl.o [3]
__aeabi_ldiv0            0x800'1dd5          Code  Gb  I64DivZer.o [4]
__aeabi_memclr4          0x800'43f1          Code  Gb  ABImemclr4.o [4]
__aeabi_ui2d             0x800'1995          Code  Gb  U32ToDbl.o [3]
__basic_free             0x800'9b9f    0x16  Code  Gb  heap0.o [2]
__basic_free_intern      0x800'9bb5    0x74  Code  Lc  heap0.o [2]
__basic_malloc           0x800'9af5    0x18  Code  Gb  heap0.o [2]
__basic_malloc_intern    0x800'9b0d    0x92  Code  Lc  heap0.o [2]
__cexit_closeall         0x800'a6cf          Code  Gb  cexit.o [4]
__close                  0x800'a38f    0x18  Code  Gb  close.o [5]
__cmain                  0x800'a6a5          Code  Gb  cmain.o [4]
__cstart_closeall        0x800'a7f8          Data  Gb  cstart_closeall.o [4]
__data_GetMemChunk       0x800'9c2d    0x2c  Code  Gb  xgetmemchunk.o [2]
__data_GetMemChunk::start
                        0x2000'2680     0x4  Data  Lc  xgetmemchunk.o [2]
__exit                   0x800'1dd9    0x14  Code  Gb  exit.o [5]
__iar_Fail_s             0x800'12ed    0x1c  Code  Gb  xfail_s.o [2]
__iar_Mbcurmax           0x800'1b53     0xa  Code  Gb  xmbcurmax.o [2]
__iar_Memchr             0x800'1365          Code  Gb  memchr.o [4]
__iar_Memset4_word       0x800'572d          Code  Gb  ABImemset48.o [4]
__iar_Memset8_word       0x800'572d          Code  Gb  ABImemset48.o [4]
__iar_Stderr            0x2000'12e4    0x48  Data  Gb  xfiles.o [2]
__iar_Stdin             0x2000'1254    0x48  Data  Gb  xfiles.o [2]
__iar_Stdout            0x2000'129c    0x48  Data  Gb  xfiles.o [2]
__iar_Strchr             0x800'12b9          Code  Gb  strchr.o [4]
__iar_dadd               0x800'1651          Code  Gb  DblSub.o [3]
__iar_data_init3         0x800'a5ed    0x28  Code  Gb  data_init.o [4]
__iar_dsub               0x800'1c69          Code  Gb  DblAdd.o [3]
__iar_dsubStart          0x800'1c7b          Code  Gb  DblAdd.o [3]
__iar_frexp              0x800'13e1          Code  Gb  frexp.o [3]
__iar_frexpl             0x800'13e1          Code  Gb  frexp.o [3]
__iar_globLocale        0x2000'120c    0x48  Data  Lc  xlocale_c.o [2]
__iar_global_Locale      0x800'123d     0x4  Code  Gb  xlocale_c.o [2]
__iar_init_vfp           0x800'a639          Code  Gb  fpinit_M.o [3]
__iar_ldexp64            0x800'14a5          Code  Gb  ldexp.o [3]
__iar_lz77_init_single3
                         0x800'a3bb    0x78  Code  Gb  lz77_init_single.o [4]
__iar_program_start      0x800'a70d          Code  Gb  cstartup_M.o [4]
__iar_scalbln64          0x800'14a5          Code  Gb  ldexp.o [3]
__iar_scalbn64           0x800'14a5          Code  Gb  ldexp.o [3]
__iar_sh_Discard         0x800'a04d    0x42  Code  Gb  XShHandles.o [2]
__iar_sh_Move            0x800'a08f    0x46  Code  Gb  XShHandles.o [2]
__iar_sh_Pos             0x800'a0d5    0x3e  Code  Gb  XShHandles.o [2]
__iar_small_Memcpy       0x800'13c1          Code  Gb  ABImemcpy_small.o [4]
__iar_small_Memset       0x800'5719          Code  Gb  ABImemset_small.o [4]
__iar_small_Memset_word
                         0x800'5719          Code  Gb  ABImemset_small.o [4]
__iar_small_memcpy       0x800'13bd          Code  Gb  ABImemcpy_small.o [4]
__iar_small_memcpy4      0x800'13bd          Code  Gb  ABImemcpy_small.o [4]
__iar_small_memcpy8      0x800'13bd          Code  Gb  ABImemcpy_small.o [4]
__iar_small_memset       0x800'5719          Code  Gb  ABImemset_small.o [4]
__iar_small_uldivmod     0x800'1b5d          Code  Gb  I64DivMod_small.o [4]
__iar_softfp___iar_frexp64
                         0x800'13d5          Code  Gb  frexp.o [3]
__iar_softfp_frexp       0x800'13d5          Code  Gb  frexp.o [3]
__iar_softfp_frexpl      0x800'13d5          Code  Gb  frexp.o [3]
__iar_zero_init3         0x800'1203    0x3a  Code  Gb  zero_init3.o [4]
__low_level_init         0x800'a6c3     0x4  Code  Gb  low_level_init.o [2]
__lseek                  0x800'a001    0x4a  Code  Gb  lseek.o [5]
__vector_table           0x800'0000          Data  Gb  startup_stm32wb55xx_cm4.o [1]
__write                  0x800'62c1     0x2  Code  Gb  dbg_trace.o [1]
_call_main               0x800'a6b1          Code  Gb  cmain.o [4]
_exit                    0x800'a6cd          Code  Gb  cexit.o [4]
_gLocale_mblen           0x800'12a5     0x4  Code  Gb  xlocale_c.o [2]
_gLocale_mblenInt        0x800'1269    0x2c  Code  Gb  xlocale_c.o [2]
_gLocale_wctomb          0x800'12a9     0x4  Code  Gb  xlocale_c.o [2]
_gLocale_wctombInt       0x800'12a1     0x4  Code  Gb  xlocale_c.o [2]
_main                    0x800'a6bf          Code  Gb  cmain.o [4]
aDataTransferContext    0x2000'2674     0x4  Data  Lc  dts.o [1]
aTimerContext           0x2000'219c    0x90  Data  Lc  hw_timerserver.o [1]
abort                    0x800'1c63     0x6  Code  Gb  abort.o [2]
aci_gap_clear_security_db
                         0x800'81b9    0x26  Code  Gb  ble_gap_aci.o [1]
aci_gap_configure_whitelist
                         0x800'8187    0x26  Code  Gb  ble_gap_aci.o [1]
aci_gap_init             0x800'80c5    0x54  Code  Gb  ble_gap_aci.o [1]
aci_gap_pass_key_resp    0x800'808f    0x36  Code  Gb  ble_gap_aci.o [1]
aci_gap_set_authentication_requirement
                         0x800'8031    0x52  Code  Gb  ble_gap_aci.o [1]
aci_gap_set_discoverable
                         0x800'7f67    0x60  Code  Gb  ble_gap_aci.o [1]
aci_gap_set_io_capability
                         0x800'8009    0x28  Code  Gb  ble_gap_aci.o [1]
aci_gap_terminate_gap_proc
                         0x800'81fb    0x28  Code  Gb  ble_gap_aci.o [1]
aci_gap_update_adv_data
                         0x800'8131    0x3c  Code  Gb  ble_gap_aci.o [1]
aci_gatt_add_char        0x800'7cc5    0xa8  Code  Gb  ble_gatt_aci.o [1]
aci_gatt_add_service     0x800'7c29    0x80  Code  Gb  ble_gatt_aci.o [1]
aci_gatt_disc_all_char_desc
                         0x800'7e7b    0x26  Code  Gb  ble_gatt_aci.o [1]
aci_gatt_disc_all_char_of_service
                         0x800'7e3b    0x26  Code  Gb  ble_gatt_aci.o [1]
aci_gatt_disc_all_primary_services
                         0x800'7de7    0x2a  Code  Gb  ble_gatt_aci.o [1]
aci_gatt_exchange_config
                         0x800'7dbd    0x2a  Code  Gb  ble_gatt_aci.o [1]
aci_gatt_init            0x800'7bfd    0x2c  Code  Gb  ble_gatt_aci.o [1]
aci_gatt_update_char_value
                         0x800'7d77    0x46  Code  Gb  ble_gatt_aci.o [1]
aci_gatt_write_char_desc
                         0x800'7edd    0x2a  Code  Gb  ble_gatt_aci.o [1]
aci_hal_set_tx_power_level
                         0x800'7b8f    0x1c  Code  Gb  ble_hal_aci.o [1]
aci_hal_write_config_data
                         0x800'7b4d    0x42  Code  Gb  ble_hal_aci.o [1]
bd_addr_udn             0x2000'262c     0x8  Data  Lc  app_ble.o [1]
bit_position             0x800'53a1    0x30  Code  Lc  stm32_seq.o [1]
clz_table_4bit           0x800'53d0    0x10  Data  Lc  stm32_seq.o [1]
ebuf                    0x2000'244c    0x50  Data  Lc  xfiles.o [2]
exit                     0x800'a6c7     0x4  Code  Gb  exit.o [2]
fclose                   0x800'a311    0x7e  Code  Gb  fclose.o [2]
fflush                   0x800'9fbd    0x34  Code  Gb  fflush.o [2]
fflushOne                0x800'9f49    0x74  Code  Lc  fflush.o [2]
fputc                    0x800'a4e9    0x54  Code  Gb  fputc.o [2]
free                     0x800'a28d     0x4  Code  Gb  heaptramp0.o [2]
fseek                    0x800'a1cd    0x24  Code  Gb  fseek.o [2]
hUsbDeviceFS            0x2000'16c0   0x2c4  Data  Gb  usb_device.o [1]
hadc1                   0x2000'134c    0x64  Data  Gb  main.o [1]
hciContext              0x2000'256c    0x20  Data  Lc  hci_tl.o [1]
hci_cmd_resp_release     0x800'69fd     0x6  Code  Gb  app_ble.o [1]
hci_cmd_resp_wait        0x800'6a03     0x6  Code  Gb  app_ble.o [1]
hci_init                 0x800'78bd    0x3e  Code  Gb  hci_tl.o [1]
hci_le_set_data_length   0x800'7ad1    0x3c  Code  Gb  ble_hci_le.o [1]
hci_notify_asynch_evt    0x800'69f5     0x8  Code  Gb  app_ble.o [1]
hci_register_io_bus      0x800'911d    0x14  Code  Gb  hci_tl_if.o [1]
hci_reset                0x800'7a71    0x24  Code  Gb  ble_hci_le.o [1]
hci_send_req             0x800'794d    0xb4  Code  Gb  hci_tl.o [1]
hci_user_evt_proc        0x800'78fb    0x52  Code  Gb  hci_tl.o [1]
hcrc                    0x2000'13b0    0x24  Data  Gb  main.o [1]
hcryp1                  0x2000'149c    0x5c  Data  Gb  main.o [1]
hdma_spi1_rx            0x2000'232c    0x60  Data  Gb  main.o [1]
hdma_spi1_tx            0x2000'238c    0x60  Data  Gb  main.o [1]
hdma_usart1_tx          0x2000'23ec    0x60  Data  Gb  main.o [1]
hi2c1                   0x2000'1584    0x4c  Data  Gb  main.o [1]
hi2c3                   0x2000'15d0    0x4c  Data  Gb  main.o [1]
hpcd_USB_FS             0x2000'1984   0x274  Data  Gb  usbd_conf.o [1]
hrtc                    0x2000'161c    0x24  Data  Gb  main.o [1]
hspi1                   0x2000'13d4    0x64  Data  Gb  main.o [1]
hspi2                   0x2000'1438    0x64  Data  Gb  main.o [1]
htim1                   0x2000'1640    0x40  Data  Gb  main.o [1]
htim16                  0x2000'252c    0x40  Data  Gb  stm32wbxx_hal_timebase_tim.o [1]
htim2                   0x2000'1680    0x40  Data  Gb  main.o [1]
huart1                  0x2000'14f8    0x8c  Data  Gb  main.o [1]
ldexp                    0x800'14a5          Code  Gb  ldexp.o [3]
ldexpl                   0x800'14a5          Code  Gb  ldexp.o [3]
local_name               0x800'6b54     0xc  Data  Lc  app_ble.o [1]
localeconv               0x800'12ad     0x4  Code  Gb  xlocale_c.o [2]
main                     0x800'3969   0x478  Code  Gb  main.o [1]
manuf_data               0x800'6b60    0x18  Data  Gb  app_ble.o [1]
memchr                   0x800'1365          Code  Gb  memchr.o [4]
memset                   0x800'3fd9    0x14  Code  Gb  memset.o [4]
obuf                    0x2000'249c    0x50  Data  Lc  xfiles.o [2]
pCmdBuffer              0x2000'25f4     0x4  Data  Lc  hci_tl.o [1]
pCmdBuffer              0x2000'2614     0x4  Data  Lc  shci_tl.o [1]
pKeyAES1                 0x800'3fb8    0x20  Data  Lc  main.o [1]
packet_lost             0x2000'24fc     0x2  Data  Lc  dt_client_app.o [1]
packet_lost_local       0x2000'2518     0x4  Data  Lc  dt_client_app.o [1]
phrtc                   0x2000'2628     0x4  Data  Lc  hw_timerserver.o [1]
printf                   0x800'88bd    0x28  Code  Gb  printf.o [2]
putchar                  0x800'a6f1     0xc  Code  Gb  putchar.o [2]
remove                   0x800'a3a7    0x14  Code  Gb  remove.o [5]
sFileInfo               0x2000'22ac    0x80  Data  Lc  XShHandles.o [2]
scalbln                  0x800'14a5          Code  Gb  ldexp.o [3]
scalblnl                 0x800'14a5          Code  Gb  ldexp.o [3]
scalbn                   0x800'14a5          Code  Gb  ldexp.o [3]
scalbnl                  0x800'14a5          Code  Gb  ldexp.o [3]
scale                    0x800'1159    0x46  Code  Lc  xprintffull.o [2]
sec_hand                0x2000'267c     0x4  Data  Lc  xfail_s.o [2]
shciContext             0x2000'2598    0x20  Data  Lc  shci_tl.o [1]
shci_cmd_resp_release    0x800'522b     0x6  Code  Gb  app_entry.o [1]
shci_cmd_resp_wait       0x800'5231     0x6  Code  Gb  app_entry.o [1]
shci_init                0x800'64f9    0x42  Code  Gb  shci_tl.o [1]
shci_notify_asynch_evt   0x800'5221     0xa  Code  Gb  app_entry.o [1]
shci_register_io_bus     0x800'78a9    0x14  Code  Gb  shci_tl_if.o [1]
shci_send                0x800'658d    0x4c  Code  Gb  shci_tl.o [1]
shci_user_evt_proc       0x800'653b    0x52  Code  Gb  shci_tl.o [1]
strchr                   0x800'12b9          Code  Gb  strchr.o [4]
strlen                   0x800'132d          Code  Gb  strlen.o [4]
uwTick                  0x2000'1050     0x4  Data  Gb  stm32wbxx_hal.o [1]
uwTickFreq              0x2000'1058     0x4  Data  Gb  stm32wbxx_hal.o [1]
uwTickPrio              0x2000'1054     0x4  Data  Gb  stm32wbxx_hal.o [1]


[1] = C:\Users\myant\Desktop\WB board design\BLE5\EWARM\BLE5\Obj
[2] = dl7M_tlf.a
[3] = m7M_tls.a
[4] = rt7M_tl.a
[5] = shb_l.a

  41'497 bytes of readonly  code memory
   1'891 bytes of readonly  data memory
  18'198 bytes of readwrite data memory

Errors: none
Warnings: none
